[0.022s][debug][gc,heap] Minimum heap 1073741824  Initial heap 1073741824  Maximum heap 1073741824
[0.022s][info ][gc     ] Using G1
[9,810s][debug][gc,heap] GC(0) Heap before GC invocations=0 (full 0):
[9,810s][debug][gc,heap] GC(0)  garbage-first heap   total 1048576K, used 76768K [0x00000000c0000000, 0x0000000100000000)
[9,810s][debug][gc,heap] GC(0)   region size 1024K, 51 young (52224K), 0 survivors (0K)
[9,810s][debug][gc,heap] GC(0)  Metaspace       used 7939K, committed 8192K, reserved 1056768K
[9,810s][debug][gc,heap] GC(0)   class space    used 894K, committed 1024K, reserved 1048576K
[9,855s][info ][gc,heap] GC(0) Eden regions: 51->0(44)
[9,855s][info ][gc,heap] GC(0) Survivor regions: 0->7(7)
[9,855s][info ][gc,heap] GC(0) Old regions: 0->24
[9,855s][info ][gc,heap] GC(0) Archive regions: 2->2
[9,855s][info ][gc,heap] GC(0) Humongous regions: 23->23
[9,855s][debug][gc,heap] GC(0) Heap after GC invocations=1 (full 0):
[9,855s][debug][gc,heap] GC(0)  garbage-first heap   total 1048576K, used 55328K [0x00000000c0000000, 0x0000000100000000)
[9,855s][debug][gc,heap] GC(0)   region size 1024K, 7 young (7168K), 7 survivors (7168K)
[9,855s][debug][gc,heap] GC(0)  Metaspace       used 7939K, committed 8192K, reserved 1056768K
[9,855s][debug][gc,heap] GC(0)   class space    used 894K, committed 1024K, reserved 1048576K
[9,855s][info ][gc     ] GC(0) Pause Young (Normal) (G1 Evacuation Pause) 74M->54M(1024M) 44,996ms
[9,957s][debug][gc,heap] GC(1) Heap before GC invocations=1 (full 0):
[9,957s][debug][gc,heap] GC(1)  garbage-first heap   total 1048576K, used 152608K [0x00000000c0000000, 0x0000000100000000)
[9,957s][debug][gc,heap] GC(1)   region size 1024K, 51 young (52224K), 7 survivors (7168K)
[9,957s][debug][gc,heap] GC(1)  Metaspace       used 7939K, committed 8192K, reserved 1056768K
[9,957s][debug][gc,heap] GC(1)   class space    used 894K, committed 1024K, reserved 1048576K
[10,018s][info ][gc,heap] GC(1) Eden regions: 44->0(44)
[10,018s][info ][gc,heap] GC(1) Survivor regions: 7->7(7)
[10,018s][info ][gc,heap] GC(1) Old regions: 24->69
[10,018s][info ][gc,heap] GC(1) Archive regions: 2->2
[10,018s][info ][gc,heap] GC(1) Humongous regions: 74->74
[10,018s][debug][gc,heap] GC(1) Heap after GC invocations=2 (full 0):
[10,018s][debug][gc,heap] GC(1)  garbage-first heap   total 1048576K, used 154080K [0x00000000c0000000, 0x0000000100000000)
[10,018s][debug][gc,heap] GC(1)   region size 1024K, 7 young (7168K), 7 survivors (7168K)
[10,018s][debug][gc,heap] GC(1)  Metaspace       used 7939K, committed 8192K, reserved 1056768K
[10,018s][debug][gc,heap] GC(1)   class space    used 894K, committed 1024K, reserved 1048576K
[10,018s][info ][gc     ] GC(1) Pause Young (Normal) (G1 Evacuation Pause) 149M->150M(1024M) 60,748ms
[10,120s][debug][gc,heap] GC(2) Heap before GC invocations=2 (full 0):
[10,120s][debug][gc,heap] GC(2)  garbage-first heap   total 1048576K, used 236000K [0x00000000c0000000, 0x0000000100000000)
[10,120s][debug][gc,heap] GC(2)   region size 1024K, 51 young (52224K), 7 survivors (7168K)
[10,120s][debug][gc,heap] GC(2)  Metaspace       used 7940K, committed 8192K, reserved 1056768K
[10,120s][debug][gc,heap] GC(2)   class space    used 894K, committed 1024K, reserved 1048576K
[10,152s][info ][gc,heap] GC(2) Eden regions: 44->0(44)
[10,152s][info ][gc,heap] GC(2) Survivor regions: 7->7(7)
[10,152s][info ][gc,heap] GC(2) Old regions: 69->108
[10,152s][info ][gc,heap] GC(2) Archive regions: 2->2
[10,152s][info ][gc,heap] GC(2) Humongous regions: 110->110
[10,152s][debug][gc,heap] GC(2) Heap after GC invocations=3 (full 0):
[10,152s][debug][gc,heap] GC(2)  garbage-first heap   total 1048576K, used 231392K [0x00000000c0000000, 0x0000000100000000)
[10,152s][debug][gc,heap] GC(2)   region size 1024K, 7 young (7168K), 7 survivors (7168K)
[10,152s][debug][gc,heap] GC(2)  Metaspace       used 7940K, committed 8192K, reserved 1056768K
[10,152s][debug][gc,heap] GC(2)   class space    used 894K, committed 1024K, reserved 1048576K
[10,152s][info ][gc     ] GC(2) Pause Young (Normal) (G1 Evacuation Pause) 230M->225M(1024M) 32,182ms
[10,219s][debug][gc,heap] GC(3) Heap before GC invocations=3 (full 0):
[10,219s][debug][gc,heap] GC(3)  garbage-first heap   total 1048576K, used 276448K [0x00000000c0000000, 0x0000000100000000)
[10,219s][debug][gc,heap] GC(3)   region size 1024K, 51 young (52224K), 7 survivors (7168K)
[10,219s][debug][gc,heap] GC(3)  Metaspace       used 7951K, committed 8192K, reserved 1056768K
[10,219s][debug][gc,heap] GC(3)   class space    used 894K, committed 1024K, reserved 1048576K
[10,252s][info ][gc,heap] GC(3) Eden regions: 44->0(44)
[10,252s][info ][gc,heap] GC(3) Survivor regions: 7->7(7)
[10,252s][info ][gc,heap] GC(3) Old regions: 108->154
[10,252s][info ][gc,heap] GC(3) Archive regions: 2->2
[10,252s][info ][gc,heap] GC(3) Humongous regions: 110->110
[10,252s][debug][gc,heap] GC(3) Heap after GC invocations=4 (full 0):
[10,252s][debug][gc,heap] GC(3)  garbage-first heap   total 1048576K, used 277984K [0x00000000c0000000, 0x0000000100000000)
[10,252s][debug][gc,heap] GC(3)   region size 1024K, 7 young (7168K), 7 survivors (7168K)
[10,252s][debug][gc,heap] GC(3)  Metaspace       used 7951K, committed 8192K, reserved 1056768K
[10,252s][debug][gc,heap] GC(3)   class space    used 894K, committed 1024K, reserved 1048576K
[10,252s][info ][gc     ] GC(3) Pause Young (Normal) (G1 Evacuation Pause) 269M->271M(1024M) 33,344ms
[10,312s][debug][gc,heap] GC(4) Heap before GC invocations=4 (full 0):
[10,312s][debug][gc,heap] GC(4)  garbage-first heap   total 1048576K, used 323040K [0x00000000c0000000, 0x0000000100000000)
[10,312s][debug][gc,heap] GC(4)   region size 1024K, 51 young (52224K), 7 survivors (7168K)
[10,312s][debug][gc,heap] GC(4)  Metaspace       used 7951K, committed 8192K, reserved 1056768K
[10,312s][debug][gc,heap] GC(4)   class space    used 894K, committed 1024K, reserved 1048576K
[10,344s][info ][gc,heap] GC(4) Eden regions: 44->0(44)
[10,345s][info ][gc,heap] GC(4) Survivor regions: 7->7(7)
[10,345s][info ][gc,heap] GC(4) Old regions: 154->200
[10,345s][info ][gc,heap] GC(4) Archive regions: 2->2
[10,345s][info ][gc,heap] GC(4) Humongous regions: 110->110
[10,345s][debug][gc,heap] GC(4) Heap after GC invocations=5 (full 0):
[10,345s][debug][gc,heap] GC(4)  garbage-first heap   total 1048576K, used 325600K [0x00000000c0000000, 0x0000000100000000)
[10,345s][debug][gc,heap] GC(4)   region size 1024K, 7 young (7168K), 7 survivors (7168K)
[10,345s][debug][gc,heap] GC(4)  Metaspace       used 7951K, committed 8192K, reserved 1056768K
[10,345s][debug][gc,heap] GC(4)   class space    used 894K, committed 1024K, reserved 1048576K
[10,345s][info ][gc     ] GC(4) Pause Young (Normal) (G1 Evacuation Pause) 315M->317M(1024M) 32,302ms
[10,411s][debug][gc,heap] GC(5) Heap before GC invocations=5 (full 0):
[10,411s][debug][gc,heap] GC(5)  garbage-first heap   total 1048576K, used 370656K [0x00000000c0000000, 0x0000000100000000)
[10,411s][debug][gc,heap] GC(5)   region size 1024K, 51 young (52224K), 7 survivors (7168K)
[10,411s][debug][gc,heap] GC(5)  Metaspace       used 7951K, committed 8192K, reserved 1056768K
[10,411s][debug][gc,heap] GC(5)   class space    used 894K, committed 1024K, reserved 1048576K
[10,440s][info ][gc,heap] GC(5) Eden regions: 44->0(44)
[10,440s][info ][gc,heap] GC(5) Survivor regions: 7->7(7)
[10,440s][info ][gc,heap] GC(5) Old regions: 200->239
[10,440s][info ][gc,heap] GC(5) Archive regions: 2->2
[10,440s][info ][gc,heap] GC(5) Humongous regions: 110->110
[10,440s][debug][gc,heap] GC(5) Heap after GC invocations=6 (full 0):
[10,440s][debug][gc,heap] GC(5)  garbage-first heap   total 1048576K, used 365024K [0x00000000c0000000, 0x0000000100000000)
[10,440s][debug][gc,heap] GC(5)   region size 1024K, 7 young (7168K), 7 survivors (7168K)
[10,440s][debug][gc,heap] GC(5)  Metaspace       used 7951K, committed 8192K, reserved 1056768K
[10,440s][debug][gc,heap] GC(5)   class space    used 894K, committed 1024K, reserved 1048576K
[10,440s][info ][gc     ] GC(5) Pause Young (Normal) (G1 Evacuation Pause) 361M->356M(1024M) 29,319ms
[10,501s][debug][gc,heap] GC(6) Heap before GC invocations=6 (full 0):
[10,501s][debug][gc,heap] GC(6)  garbage-first heap   total 1048576K, used 410080K [0x00000000c0000000, 0x0000000100000000)
[10,501s][debug][gc,heap] GC(6)   region size 1024K, 51 young (52224K), 7 survivors (7168K)
[10,501s][debug][gc,heap] GC(6)  Metaspace       used 7951K, committed 8192K, reserved 1056768K
[10,501s][debug][gc,heap] GC(6)   class space    used 894K, committed 1024K, reserved 1048576K
[10,534s][info ][gc,heap] GC(6) Eden regions: 44->0(44)
[10,534s][info ][gc,heap] GC(6) Survivor regions: 7->7(7)
[10,534s][info ][gc,heap] GC(6) Old regions: 239->285
[10,534s][info ][gc,heap] GC(6) Archive regions: 2->2
[10,534s][info ][gc,heap] GC(6) Humongous regions: 110->110
[10,534s][debug][gc,heap] GC(6) Heap after GC invocations=7 (full 0):
[10,534s][debug][gc,heap] GC(6)  garbage-first heap   total 1048576K, used 412128K [0x00000000c0000000, 0x0000000100000000)
[10,534s][debug][gc,heap] GC(6)   region size 1024K, 7 young (7168K), 7 survivors (7168K)
[10,534s][debug][gc,heap] GC(6)  Metaspace       used 7951K, committed 8192K, reserved 1056768K
[10,534s][debug][gc,heap] GC(6)   class space    used 894K, committed 1024K, reserved 1048576K
[10,534s][info ][gc     ] GC(6) Pause Young (Normal) (G1 Evacuation Pause) 400M->402M(1024M) 33,368ms
[10,622s][debug][gc,heap] GC(7) Heap before GC invocations=7 (full 0):
[10,622s][debug][gc,heap] GC(7)  garbage-first heap   total 1048576K, used 457184K [0x00000000c0000000, 0x0000000100000000)
[10,622s][debug][gc,heap] GC(7)   region size 1024K, 51 young (52224K), 7 survivors (7168K)
[10,622s][debug][gc,heap] GC(7)  Metaspace       used 7951K, committed 8192K, reserved 1056768K
[10,622s][debug][gc,heap] GC(7)   class space    used 894K, committed 1024K, reserved 1048576K
[10,644s][info ][gc,heap] GC(7) Eden regions: 44->0(44)
[10,644s][info ][gc,heap] GC(7) Survivor regions: 7->7(7)
[10,644s][info ][gc,heap] GC(7) Old regions: 285->311
[10,644s][info ][gc,heap] GC(7) Archive regions: 2->2
[10,644s][info ][gc,heap] GC(7) Humongous regions: 110->110
[10,644s][debug][gc,heap] GC(7) Heap after GC invocations=8 (full 0):
[10,644s][debug][gc,heap] GC(7)  garbage-first heap   total 1048576K, used 438752K [0x00000000c0000000, 0x0000000100000000)
[10,644s][debug][gc,heap] GC(7)   region size 1024K, 7 young (7168K), 7 survivors (7168K)
[10,644s][debug][gc,heap] GC(7)  Metaspace       used 7951K, committed 8192K, reserved 1056768K
[10,644s][debug][gc,heap] GC(7)   class space    used 894K, committed 1024K, reserved 1048576K
[10,644s][info ][gc     ] GC(7) Pause Young (Normal) (G1 Evacuation Pause) 446M->428M(1024M) 22,125ms
[10,707s][debug][gc,heap] GC(8) Heap before GC invocations=8 (full 0):
[10,707s][debug][gc,heap] GC(8)  garbage-first heap   total 1048576K, used 483808K [0x00000000c0000000, 0x0000000100000000)
[10,707s][debug][gc,heap] GC(8)   region size 1024K, 51 young (52224K), 7 survivors (7168K)
[10,707s][debug][gc,heap] GC(8)  Metaspace       used 7951K, committed 8192K, reserved 1056768K
[10,707s][debug][gc,heap] GC(8)   class space    used 894K, committed 1024K, reserved 1048576K
[10,743s][info ][gc,heap] GC(8) Eden regions: 44->0(44)
[10,743s][info ][gc,heap] GC(8) Survivor regions: 7->7(7)
[10,743s][info ][gc,heap] GC(8) Old regions: 311->357
[10,743s][info ][gc,heap] GC(8) Archive regions: 2->2
[10,743s][info ][gc,heap] GC(8) Humongous regions: 110->110
[10,743s][debug][gc,heap] GC(8) Heap after GC invocations=9 (full 0):
[10,743s][debug][gc,heap] GC(8)  garbage-first heap   total 1048576K, used 485856K [0x00000000c0000000, 0x0000000100000000)
[10,743s][debug][gc,heap] GC(8)   region size 1024K, 7 young (7168K), 7 survivors (7168K)
[10,743s][debug][gc,heap] GC(8)  Metaspace       used 7951K, committed 8192K, reserved 1056768K
[10,743s][debug][gc,heap] GC(8)   class space    used 894K, committed 1024K, reserved 1048576K
[10,743s][info ][gc     ] GC(8) Pause Young (Normal) (G1 Evacuation Pause) 472M->474M(1024M) 35,688ms
[10,815s][debug][gc,heap] GC(9) Heap before GC invocations=9 (full 0):
[10,815s][debug][gc,heap] GC(9)  garbage-first heap   total 1048576K, used 530912K [0x00000000c0000000, 0x0000000100000000)
[10,815s][debug][gc,heap] GC(9)   region size 1024K, 51 young (52224K), 7 survivors (7168K)
[10,815s][debug][gc,heap] GC(9)  Metaspace       used 7951K, committed 8192K, reserved 1056768K
[10,815s][debug][gc,heap] GC(9)   class space    used 894K, committed 1024K, reserved 1048576K
[10,829s][info ][gc,heap] GC(9) Eden regions: 44->0(44)
[10,829s][info ][gc,heap] GC(9) Survivor regions: 7->7(7)
[10,829s][info ][gc,heap] GC(9) Old regions: 357->371
[10,829s][info ][gc,heap] GC(9) Archive regions: 2->2
[10,829s][info ][gc,heap] GC(9) Humongous regions: 110->110
[10,829s][debug][gc,heap] GC(9) Heap after GC invocations=10 (full 0):
[10,829s][debug][gc,heap] GC(9)  garbage-first heap   total 1048576K, used 500192K [0x00000000c0000000, 0x0000000100000000)
[10,829s][debug][gc,heap] GC(9)   region size 1024K, 7 young (7168K), 7 survivors (7168K)
[10,829s][debug][gc,heap] GC(9)  Metaspace       used 7951K, committed 8192K, reserved 1056768K
[10,829s][debug][gc,heap] GC(9)   class space    used 894K, committed 1024K, reserved 1048576K
[10,829s][info ][gc     ] GC(9) Pause Young (Concurrent Start) (G1 Evacuation Pause) 518M->488M(1024M) 13,666ms
[10,829s][info ][gc     ] GC(10) Concurrent Mark Cycle
[10,851s][info ][gc     ] GC(10) Pause Remark 502M->93M(1024M) 1,210ms
[10,872s][info ][gc     ] GC(10) Pause Cleanup 106M->106M(1024M) 0,159ms
[10,876s][info ][gc     ] GC(10) Concurrent Mark Cycle 46,854ms
[10,899s][debug][gc,heap] GC(11) Heap before GC invocations=11 (full 0):
[10,899s][debug][gc,heap] GC(11)  garbage-first heap   total 1048576K, used 126432K [0x00000000c0000000, 0x0000000100000000)
[10,899s][debug][gc,heap] GC(11)   region size 1024K, 51 young (52224K), 7 survivors (7168K)
[10,899s][debug][gc,heap] GC(11)  Metaspace       used 7951K, committed 8192K, reserved 1056768K
[10,899s][debug][gc,heap] GC(11)   class space    used 894K, committed 1024K, reserved 1048576K
[10,926s][info ][gc,heap] GC(11) Eden regions: 44->0(44)
[10,926s][info ][gc,heap] GC(11) Survivor regions: 7->7(7)
[10,926s][info ][gc,heap] GC(11) Old regions: 36->82
[10,926s][info ][gc,heap] GC(11) Archive regions: 2->2
[10,926s][info ][gc,heap] GC(11) Humongous regions: 36->36
[10,926s][debug][gc,heap] GC(11) Heap after GC invocations=12 (full 0):
[10,926s][debug][gc,heap] GC(11)  garbage-first heap   total 1048576K, used 128435K [0x00000000c0000000, 0x0000000100000000)
[10,926s][debug][gc,heap] GC(11)   region size 1024K, 7 young (7168K), 7 survivors (7168K)
[10,926s][debug][gc,heap] GC(11)  Metaspace       used 7951K, committed 8192K, reserved 1056768K
[10,926s][debug][gc,heap] GC(11)   class space    used 894K, committed 1024K, reserved 1048576K
[10,926s][info ][gc     ] GC(11) Pause Young (Prepare Mixed) (G1 Evacuation Pause) 123M->125M(1024M) 26,999ms
[10,993s][debug][gc,heap] GC(12) Heap before GC invocations=12 (full 0):
[10,993s][debug][gc,heap] GC(12)  garbage-first heap   total 1048576K, used 173491K [0x00000000c0000000, 0x0000000100000000)
[10,993s][debug][gc,heap] GC(12)   region size 1024K, 51 young (52224K), 7 survivors (7168K)
[10,993s][debug][gc,heap] GC(12)  Metaspace       used 7951K, committed 8192K, reserved 1056768K
[10,993s][debug][gc,heap] GC(12)   class space    used 894K, committed 1024K, reserved 1048576K
[10,999s][info ][gc,heap] GC(12) Eden regions: 44->0(71)
[10,999s][info ][gc,heap] GC(12) Survivor regions: 7->6(7)
[10,999s][info ][gc,heap] GC(12) Old regions: 82->80
[10,999s][info ][gc,heap] GC(12) Archive regions: 2->2
[10,999s][info ][gc,heap] GC(12) Humongous regions: 36->36
[10,999s][debug][gc,heap] GC(12) Heap after GC invocations=13 (full 0):
[10,999s][debug][gc,heap] GC(12)  garbage-first heap   total 1048576K, used 125612K [0x00000000c0000000, 0x0000000100000000)
[10,999s][debug][gc,heap] GC(12)   region size 1024K, 6 young (6144K), 6 survivors (6144K)
[10,999s][debug][gc,heap] GC(12)  Metaspace       used 7951K, committed 8192K, reserved 1056768K
[10,999s][debug][gc,heap] GC(12)   class space    used 894K, committed 1024K, reserved 1048576K
[10,999s][info ][gc     ] GC(12) Pause Young (Mixed) (G1 Evacuation Pause) 169M->122M(1024M) 5,835ms
[11,107s][debug][gc,heap] GC(13) Heap before GC invocations=13 (full 0):
[11,107s][debug][gc,heap] GC(13)  garbage-first heap   total 1048576K, used 198316K [0x00000000c0000000, 0x0000000100000000)
[11,107s][debug][gc,heap] GC(13)   region size 1024K, 77 young (78848K), 6 survivors (6144K)
[11,107s][debug][gc,heap] GC(13)  Metaspace       used 7951K, committed 8192K, reserved 1056768K
[11,107s][debug][gc,heap] GC(13)   class space    used 894K, committed 1024K, reserved 1048576K
[11,155s][info ][gc,heap] GC(13) Eden regions: 71->0(69)
[11,155s][info ][gc,heap] GC(13) Survivor regions: 6->10(10)
[11,155s][info ][gc,heap] GC(13) Old regions: 80->147
[11,155s][info ][gc,heap] GC(13) Archive regions: 2->2
[11,155s][info ][gc,heap] GC(13) Humongous regions: 36->36
[11,155s][debug][gc,heap] GC(13) Heap after GC invocations=14 (full 0):
[11,155s][debug][gc,heap] GC(13)  garbage-first heap   total 1048576K, used 198560K [0x00000000c0000000, 0x0000000100000000)
[11,155s][debug][gc,heap] GC(13)   region size 1024K, 10 young (10240K), 10 survivors (10240K)
[11,155s][debug][gc,heap] GC(13)  Metaspace       used 7951K, committed 8192K, reserved 1056768K
[11,155s][debug][gc,heap] GC(13)   class space    used 894K, committed 1024K, reserved 1048576K
[11,155s][info ][gc     ] GC(13) Pause Young (Normal) (G1 Evacuation Pause) 193M->193M(1024M) 47,507ms
[11,260s][debug][gc,heap] GC(14) Heap before GC invocations=14 (full 0):
[11,260s][debug][gc,heap] GC(14)  garbage-first heap   total 1048576K, used 269216K [0x00000000c0000000, 0x0000000100000000)
[11,260s][debug][gc,heap] GC(14)   region size 1024K, 79 young (80896K), 10 survivors (10240K)
[11,260s][debug][gc,heap] GC(14)  Metaspace       used 7963K, committed 8256K, reserved 1056768K
[11,260s][debug][gc,heap] GC(14)   class space    used 895K, committed 1024K, reserved 1048576K
[11,284s][info ][gc,heap] GC(14) Eden regions: 69->0(82)
[11,284s][info ][gc,heap] GC(14) Survivor regions: 10->10(10)
[11,284s][info ][gc,heap] GC(14) Old regions: 147->182
[11,284s][info ][gc,heap] GC(14) Archive regions: 2->2
[11,284s][info ][gc,heap] GC(14) Humongous regions: 36->36
[11,284s][debug][gc,heap] GC(14) Heap after GC invocations=15 (full 0):
[11,284s][debug][gc,heap] GC(14)  garbage-first heap   total 1048576K, used 234464K [0x00000000c0000000, 0x0000000100000000)
[11,284s][debug][gc,heap] GC(14)   region size 1024K, 10 young (10240K), 10 survivors (10240K)
[11,285s][debug][gc,heap] GC(14)  Metaspace       used 7963K, committed 8256K, reserved 1056768K
[11,285s][debug][gc,heap] GC(14)   class space    used 895K, committed 1024K, reserved 1048576K
[11,285s][info ][gc     ] GC(14) Pause Young (Normal) (G1 Evacuation Pause) 262M->228M(1024M) 24,633ms
[11,402s][debug][gc,heap] GC(15) Heap before GC invocations=15 (full 0):
[11,402s][debug][gc,heap] GC(15)  garbage-first heap   total 1048576K, used 318432K [0x00000000c0000000, 0x0000000100000000)
[11,402s][debug][gc,heap] GC(15)   region size 1024K, 92 young (94208K), 10 survivors (10240K)
[11,402s][debug][gc,heap] GC(15)  Metaspace       used 7963K, committed 8256K, reserved 1056768K
[11,402s][debug][gc,heap] GC(15)   class space    used 895K, committed 1024K, reserved 1048576K
[11,421s][info ][gc,heap] GC(15) Eden regions: 82->0(545)
[11,421s][info ][gc,heap] GC(15) Survivor regions: 10->12(12)
[11,421s][info ][gc,heap] GC(15) Old regions: 182->197
[11,421s][info ][gc,heap] GC(15) Archive regions: 2->2
[11,421s][info ][gc,heap] GC(15) Humongous regions: 36->36
[11,421s][debug][gc,heap] GC(15) Heap after GC invocations=16 (full 0):
[11,421s][debug][gc,heap] GC(15)  garbage-first heap   total 1048576K, used 251872K [0x00000000c0000000, 0x0000000100000000)
[11,421s][debug][gc,heap] GC(15)   region size 1024K, 12 young (12288K), 12 survivors (12288K)
[11,421s][debug][gc,heap] GC(15)  Metaspace       used 7963K, committed 8256K, reserved 1056768K
[11,421s][debug][gc,heap] GC(15)   class space    used 895K, committed 1024K, reserved 1048576K
[11,422s][info ][gc     ] GC(15) Pause Young (Normal) (G1 Evacuation Pause) 310M->245M(1024M) 19,324ms
[12,023s][debug][gc,heap] GC(16) Heap before GC invocations=16 (full 0):
[12,023s][debug][gc,heap] GC(16)  garbage-first heap   total 1048576K, used 606176K [0x00000000c0000000, 0x0000000100000000)
[12,023s][debug][gc,heap] GC(16)   region size 1024K, 358 young (366592K), 12 survivors (12288K)
[12,023s][debug][gc,heap] GC(16)  Metaspace       used 7963K, committed 8256K, reserved 1056768K
[12,023s][debug][gc,heap] GC(16)   class space    used 895K, committed 1024K, reserved 1048576K
[12,062s][info ][gc,heap] GC(16) Eden regions: 346->0(474)
[12,062s][info ][gc,heap] GC(16) Survivor regions: 12->45(45)
[12,062s][info ][gc,heap] GC(16) Old regions: 197->222
[12,062s][info ][gc,heap] GC(16) Archive regions: 2->2
[12,062s][info ][gc,heap] GC(16) Humongous regions: 36->36
[12,062s][debug][gc,heap] GC(16) Heap after GC invocations=17 (full 0):
[12,062s][debug][gc,heap] GC(16)  garbage-first heap   total 1048576K, used 311223K [0x00000000c0000000, 0x0000000100000000)
[12,062s][debug][gc,heap] GC(16)   region size 1024K, 45 young (46080K), 45 survivors (46080K)
[12,062s][debug][gc,heap] GC(16)  Metaspace       used 7963K, committed 8256K, reserved 1056768K
[12,062s][debug][gc,heap] GC(16)   class space    used 895K, committed 1024K, reserved 1048576K
[12,062s][info ][gc     ] GC(16) Pause Young (Normal) (G1 Evacuation Pause) 591M->303M(1024M) 39,251ms
[12,665s][debug][gc,heap] GC(17) Heap before GC invocations=17 (full 0):
[12,665s][debug][gc,heap] GC(17)  garbage-first heap   total 1048576K, used 716727K [0x00000000c0000000, 0x0000000100000000)
[12,665s][debug][gc,heap] GC(17)   region size 1024K, 441 young (451584K), 45 survivors (46080K)
[12,665s][debug][gc,heap] GC(17)  Metaspace       used 7976K, committed 8320K, reserved 1056768K
[12,665s][debug][gc,heap] GC(17)   class space    used 896K, committed 1088K, reserved 1048576K
[12,706s][info ][gc,heap] GC(17) Eden regions: 396->0(455)
[12,706s][info ][gc,heap] GC(17) Survivor regions: 45->56(56)
[12,706s][info ][gc,heap] GC(17) Old regions: 222->228
[12,706s][info ][gc,heap] GC(17) Archive regions: 2->2
[12,706s][info ][gc,heap] GC(17) Humongous regions: 36->36
[12,706s][debug][gc,heap] GC(17) Heap after GC invocations=18 (full 0):
[12,706s][debug][gc,heap] GC(17)  garbage-first heap   total 1048576K, used 328160K [0x00000000c0000000, 0x0000000100000000)
[12,706s][debug][gc,heap] GC(17)   region size 1024K, 56 young (57344K), 56 survivors (57344K)
[12,706s][debug][gc,heap] GC(17)  Metaspace       used 7976K, committed 8320K, reserved 1056768K
[12,706s][debug][gc,heap] GC(17)   class space    used 896K, committed 1088K, reserved 1048576K
[12,706s][info ][gc     ] GC(17) Pause Young (Normal) (G1 Evacuation Pause) 699M->320M(1024M) 41,461ms
