[0.023s][debug][gc,heap] Minimum heap 1342177280  Initial heap 1342177280  Maximum heap 1342177280
[0.023s][info ][gc     ] Using G1
[8,361s][debug][gc,heap] GC(0) Heap before GC invocations=0 (full 0):
[8,361s][debug][gc,heap] GC(0)  garbage-first heap   total 1310720K, used 101344K [0x00000000b0000000, 0x0000000100000000)
[8,361s][debug][gc,heap] GC(0)   region size 1024K, 64 young (65536K), 0 survivors (0K)
[8,361s][debug][gc,heap] GC(0)  Metaspace       used 7935K, committed 8192K, reserved 1056768K
[8,361s][debug][gc,heap] GC(0)   class space    used 893K, committed 1024K, reserved 1048576K
[8,408s][info ][gc,heap] GC(0) Eden regions: 64->0(56)
[8,408s][info ][gc,heap] GC(0) Survivor regions: 0->8(8)
[8,408s][info ][gc,heap] GC(0) Old regions: 0->35
[8,408s][info ][gc,heap] GC(0) Archive regions: 2->2
[8,408s][info ][gc,heap] GC(0) Humongous regions: 34->34
[8,408s][debug][gc,heap] GC(0) Heap after GC invocations=1 (full 0):
[8,408s][debug][gc,heap] GC(0)  garbage-first heap   total 1310720K, used 78864K [0x00000000b0000000, 0x0000000100000000)
[8,408s][debug][gc,heap] GC(0)   region size 1024K, 8 young (8192K), 8 survivors (8192K)
[8,408s][debug][gc,heap] GC(0)  Metaspace       used 7935K, committed 8192K, reserved 1056768K
[8,408s][debug][gc,heap] GC(0)   class space    used 893K, committed 1024K, reserved 1048576K
[8,408s][info ][gc     ] GC(0) Pause Young (Normal) (G1 Evacuation Pause) 98M->77M(1280M) 47,129ms
[8,532s][debug][gc,heap] GC(1) Heap before GC invocations=1 (full 0):
[8,532s][debug][gc,heap] GC(1)  garbage-first heap   total 1310720K, used 214032K [0x00000000b0000000, 0x0000000100000000)
[8,532s][debug][gc,heap] GC(1)   region size 1024K, 64 young (65536K), 8 survivors (8192K)
[8,532s][debug][gc,heap] GC(1)  Metaspace       used 7936K, committed 8192K, reserved 1056768K
[8,532s][debug][gc,heap] GC(1)   class space    used 893K, committed 1024K, reserved 1048576K
[8,594s][info ][gc,heap] GC(1) Eden regions: 56->0(56)
[8,594s][info ][gc,heap] GC(1) Survivor regions: 8->8(8)
[8,594s][info ][gc,heap] GC(1) Old regions: 35->92
[8,594s][info ][gc,heap] GC(1) Archive regions: 2->2
[8,594s][info ][gc,heap] GC(1) Humongous regions: 110->110
[8,594s][debug][gc,heap] GC(1) Heap after GC invocations=2 (full 0):
[8,594s][debug][gc,heap] GC(1)  garbage-first heap   total 1310720K, used 215520K [0x00000000b0000000, 0x0000000100000000)
[8,594s][debug][gc,heap] GC(1)   region size 1024K, 8 young (8192K), 8 survivors (8192K)
[8,594s][debug][gc,heap] GC(1)  Metaspace       used 7936K, committed 8192K, reserved 1056768K
[8,594s][debug][gc,heap] GC(1)   class space    used 893K, committed 1024K, reserved 1048576K
[8,594s][info ][gc     ] GC(1) Pause Young (Normal) (G1 Evacuation Pause) 209M->210M(1280M) 62,157ms
[8,682s][debug][gc,heap] GC(2) Heap before GC invocations=2 (full 0):
[8,682s][debug][gc,heap] GC(2)  garbage-first heap   total 1310720K, used 272864K [0x00000000b0000000, 0x0000000100000000)
[8,682s][debug][gc,heap] GC(2)   region size 1024K, 64 young (65536K), 8 survivors (8192K)
[8,682s][debug][gc,heap] GC(2)  Metaspace       used 7937K, committed 8192K, reserved 1056768K
[8,682s][debug][gc,heap] GC(2)   class space    used 893K, committed 1024K, reserved 1048576K
[8,716s][info ][gc,heap] GC(2) Eden regions: 56->0(56)
[8,716s][info ][gc,heap] GC(2) Survivor regions: 8->8(8)
[8,716s][info ][gc,heap] GC(2) Old regions: 92->143
[8,716s][info ][gc,heap] GC(2) Archive regions: 2->2
[8,716s][info ][gc,heap] GC(2) Humongous regions: 110->110
[8,716s][debug][gc,heap] GC(2) Heap after GC invocations=3 (full 0):
[8,716s][debug][gc,heap] GC(2)  garbage-first heap   total 1310720K, used 268256K [0x00000000b0000000, 0x0000000100000000)
[8,716s][debug][gc,heap] GC(2)   region size 1024K, 8 young (8192K), 8 survivors (8192K)
[8,716s][debug][gc,heap] GC(2)  Metaspace       used 7937K, committed 8192K, reserved 1056768K
[8,716s][debug][gc,heap] GC(2)   class space    used 893K, committed 1024K, reserved 1048576K
[8,716s][info ][gc     ] GC(2) Pause Young (Normal) (G1 Evacuation Pause) 266M->261M(1280M) 34,615ms
[8,799s][debug][gc,heap] GC(3) Heap before GC invocations=3 (full 0):
[8,799s][debug][gc,heap] GC(3)  garbage-first heap   total 1310720K, used 325600K [0x00000000b0000000, 0x0000000100000000)
[8,799s][debug][gc,heap] GC(3)   region size 1024K, 64 young (65536K), 8 survivors (8192K)
[8,799s][debug][gc,heap] GC(3)  Metaspace       used 7937K, committed 8192K, reserved 1056768K
[8,799s][debug][gc,heap] GC(3)   class space    used 893K, committed 1024K, reserved 1048576K
[8,804s][info ][gc,heap] GC(3) Eden regions: 56->0(58)
[8,804s][info ][gc,heap] GC(3) Survivor regions: 8->6(8)
[8,804s][info ][gc,heap] GC(3) Old regions: 143->143
[8,804s][info ][gc,heap] GC(3) Archive regions: 2->2
[8,804s][info ][gc,heap] GC(3) Humongous regions: 110->110
[8,804s][debug][gc,heap] GC(3) Heap after GC invocations=4 (full 0):
[8,804s][debug][gc,heap] GC(3)  garbage-first heap   total 1310720K, used 265388K [0x00000000b0000000, 0x0000000100000000)
[8,804s][debug][gc,heap] GC(3)   region size 1024K, 6 young (6144K), 6 survivors (6144K)
[8,804s][debug][gc,heap] GC(3)  Metaspace       used 7937K, committed 8192K, reserved 1056768K
[8,804s][debug][gc,heap] GC(3)   class space    used 893K, committed 1024K, reserved 1048576K
[8,804s][info ][gc     ] GC(3) Pause Young (Normal) (G1 Evacuation Pause) 317M->259M(1280M) 4,733ms
[8,881s][debug][gc,heap] GC(4) Heap before GC invocations=4 (full 0):
[8,881s][debug][gc,heap] GC(4)  garbage-first heap   total 1310720K, used 324780K [0x00000000b0000000, 0x0000000100000000)
[8,881s][debug][gc,heap] GC(4)   region size 1024K, 64 young (65536K), 6 survivors (6144K)
[8,881s][debug][gc,heap] GC(4)  Metaspace       used 7937K, committed 8192K, reserved 1056768K
[8,881s][debug][gc,heap] GC(4)   class space    used 893K, committed 1024K, reserved 1048576K
[8,916s][info ][gc,heap] GC(4) Eden regions: 58->0(56)
[8,916s][info ][gc,heap] GC(4) Survivor regions: 6->8(8)
[8,916s][info ][gc,heap] GC(4) Old regions: 143->199
[8,916s][info ][gc,heap] GC(4) Archive regions: 2->2
[8,916s][info ][gc,heap] GC(4) Humongous regions: 110->110
[8,916s][debug][gc,heap] GC(4) Heap after GC invocations=5 (full 0):
[8,916s][debug][gc,heap] GC(4)  garbage-first heap   total 1310720K, used 325529K [0x00000000b0000000, 0x0000000100000000)
[8,916s][debug][gc,heap] GC(4)   region size 1024K, 8 young (8192K), 8 survivors (8192K)
[8,916s][debug][gc,heap] GC(4)  Metaspace       used 7937K, committed 8192K, reserved 1056768K
[8,916s][debug][gc,heap] GC(4)   class space    used 893K, committed 1024K, reserved 1048576K
[8,916s][info ][gc     ] GC(4) Pause Young (Normal) (G1 Evacuation Pause) 317M->317M(1280M) 35,365ms
[8,994s][debug][gc,heap] GC(5) Heap before GC invocations=5 (full 0):
[8,994s][debug][gc,heap] GC(5)  garbage-first heap   total 1310720K, used 382873K [0x00000000b0000000, 0x0000000100000000)
[8,994s][debug][gc,heap] GC(5)   region size 1024K, 64 young (65536K), 8 survivors (8192K)
[8,994s][debug][gc,heap] GC(5)  Metaspace       used 7956K, committed 8256K, reserved 1056768K
[8,994s][debug][gc,heap] GC(5)   class space    used 895K, committed 1024K, reserved 1048576K
[9,006s][info ][gc,heap] GC(5) Eden regions: 56->0(56)
[9,006s][info ][gc,heap] GC(5) Survivor regions: 8->8(8)
[9,006s][info ][gc,heap] GC(5) Old regions: 199->211
[9,006s][info ][gc,heap] GC(5) Archive regions: 2->2
[9,006s][info ][gc,heap] GC(5) Humongous regions: 110->110
[9,006s][debug][gc,heap] GC(5) Heap after GC invocations=6 (full 0):
[9,006s][debug][gc,heap] GC(5)  garbage-first heap   total 1310720K, used 337376K [0x00000000b0000000, 0x0000000100000000)
[9,006s][debug][gc,heap] GC(5)   region size 1024K, 8 young (8192K), 8 survivors (8192K)
[9,006s][debug][gc,heap] GC(5)  Metaspace       used 7956K, committed 8256K, reserved 1056768K
[9,006s][debug][gc,heap] GC(5)   class space    used 895K, committed 1024K, reserved 1048576K
[9,006s][info ][gc     ] GC(5) Pause Young (Normal) (G1 Evacuation Pause) 373M->329M(1280M) 11,508ms
[9,080s][debug][gc,heap] GC(6) Heap before GC invocations=6 (full 0):
[9,080s][debug][gc,heap] GC(6)  garbage-first heap   total 1310720K, used 394720K [0x00000000b0000000, 0x0000000100000000)
[9,080s][debug][gc,heap] GC(6)   region size 1024K, 64 young (65536K), 8 survivors (8192K)
[9,080s][debug][gc,heap] GC(6)  Metaspace       used 7956K, committed 8256K, reserved 1056768K
[9,080s][debug][gc,heap] GC(6)   class space    used 895K, committed 1024K, reserved 1048576K
[9,116s][info ][gc,heap] GC(6) Eden regions: 56->0(56)
[9,116s][info ][gc,heap] GC(6) Survivor regions: 8->8(8)
[9,116s][info ][gc,heap] GC(6) Old regions: 211->268
[9,116s][info ][gc,heap] GC(6) Archive regions: 2->2
[9,116s][info ][gc,heap] GC(6) Humongous regions: 110->110
[9,116s][debug][gc,heap] GC(6) Heap after GC invocations=7 (full 0):
[9,116s][debug][gc,heap] GC(6)  garbage-first heap   total 1310720K, used 396256K [0x00000000b0000000, 0x0000000100000000)
[9,116s][debug][gc,heap] GC(6)   region size 1024K, 8 young (8192K), 8 survivors (8192K)
[9,116s][debug][gc,heap] GC(6)  Metaspace       used 7956K, committed 8256K, reserved 1056768K
[9,116s][debug][gc,heap] GC(6)   class space    used 895K, committed 1024K, reserved 1048576K
[9,116s][info ][gc     ] GC(6) Pause Young (Normal) (G1 Evacuation Pause) 385M->386M(1280M) 36,000ms
[9,200s][debug][gc,heap] GC(7) Heap before GC invocations=7 (full 0):
[9,200s][debug][gc,heap] GC(7)  garbage-first heap   total 1310720K, used 453600K [0x00000000b0000000, 0x0000000100000000)
[9,200s][debug][gc,heap] GC(7)   region size 1024K, 64 young (65536K), 8 survivors (8192K)
[9,200s][debug][gc,heap] GC(7)  Metaspace       used 7956K, committed 8256K, reserved 1056768K
[9,200s][debug][gc,heap] GC(7)   class space    used 895K, committed 1024K, reserved 1048576K
[9,218s][info ][gc,heap] GC(7) Eden regions: 56->0(56)
[9,218s][info ][gc,heap] GC(7) Survivor regions: 8->8(8)
[9,218s][info ][gc,heap] GC(7) Old regions: 268->291
[9,218s][info ][gc,heap] GC(7) Archive regions: 2->2
[9,218s][info ][gc,heap] GC(7) Humongous regions: 110->110
[9,218s][debug][gc,heap] GC(7) Heap after GC invocations=8 (full 0):
[9,218s][debug][gc,heap] GC(7)  garbage-first heap   total 1310720K, used 419296K [0x00000000b0000000, 0x0000000100000000)
[9,218s][debug][gc,heap] GC(7)   region size 1024K, 8 young (8192K), 8 survivors (8192K)
[9,218s][debug][gc,heap] GC(7)  Metaspace       used 7956K, committed 8256K, reserved 1056768K
[9,218s][debug][gc,heap] GC(7)   class space    used 895K, committed 1024K, reserved 1048576K
[9,218s][info ][gc     ] GC(7) Pause Young (Normal) (G1 Evacuation Pause) 442M->409M(1280M) 17,729ms
[9,292s][debug][gc,heap] GC(8) Heap before GC invocations=8 (full 0):
[9,292s][debug][gc,heap] GC(8)  garbage-first heap   total 1310720K, used 476640K [0x00000000b0000000, 0x0000000100000000)
[9,292s][debug][gc,heap] GC(8)   region size 1024K, 64 young (65536K), 8 survivors (8192K)
[9,292s][debug][gc,heap] GC(8)  Metaspace       used 7956K, committed 8256K, reserved 1056768K
[9,292s][debug][gc,heap] GC(8)   class space    used 895K, committed 1024K, reserved 1048576K
[9,328s][info ][gc,heap] GC(8) Eden regions: 56->0(56)
[9,328s][info ][gc,heap] GC(8) Survivor regions: 8->8(8)
[9,328s][info ][gc,heap] GC(8) Old regions: 291->349
[9,328s][info ][gc,heap] GC(8) Archive regions: 2->2
[9,328s][info ][gc,heap] GC(8) Humongous regions: 110->110
[9,328s][debug][gc,heap] GC(8) Heap after GC invocations=9 (full 0):
[9,328s][debug][gc,heap] GC(8)  garbage-first heap   total 1310720K, used 478688K [0x00000000b0000000, 0x0000000100000000)
[9,328s][debug][gc,heap] GC(8)   region size 1024K, 8 young (8192K), 8 survivors (8192K)
[9,328s][debug][gc,heap] GC(8)  Metaspace       used 7956K, committed 8256K, reserved 1056768K
[9,328s][debug][gc,heap] GC(8)   class space    used 895K, committed 1024K, reserved 1048576K
[9,328s][info ][gc     ] GC(8) Pause Young (Normal) (G1 Evacuation Pause) 465M->467M(1280M) 36,726ms
[9,409s][debug][gc,heap] GC(9) Heap before GC invocations=9 (full 0):
[9,409s][debug][gc,heap] GC(9)  garbage-first heap   total 1310720K, used 536032K [0x00000000b0000000, 0x0000000100000000)
[9,409s][debug][gc,heap] GC(9)   region size 1024K, 64 young (65536K), 8 survivors (8192K)
[9,409s][debug][gc,heap] GC(9)  Metaspace       used 7956K, committed 8256K, reserved 1056768K
[9,409s][debug][gc,heap] GC(9)   class space    used 895K, committed 1024K, reserved 1048576K
[9,436s][info ][gc,heap] GC(9) Eden regions: 56->0(56)
[9,436s][info ][gc,heap] GC(9) Survivor regions: 8->8(8)
[9,436s][info ][gc,heap] GC(9) Old regions: 349->382
[9,436s][info ][gc,heap] GC(9) Archive regions: 2->2
[9,436s][info ][gc,heap] GC(9) Humongous regions: 110->110
[9,436s][debug][gc,heap] GC(9) Heap after GC invocations=10 (full 0):
[9,436s][debug][gc,heap] GC(9)  garbage-first heap   total 1310720K, used 512992K [0x00000000b0000000, 0x0000000100000000)
[9,436s][debug][gc,heap] GC(9)   region size 1024K, 8 young (8192K), 8 survivors (8192K)
[9,436s][debug][gc,heap] GC(9)  Metaspace       used 7956K, committed 8256K, reserved 1056768K
[9,436s][debug][gc,heap] GC(9)   class space    used 895K, committed 1024K, reserved 1048576K
[9,436s][info ][gc     ] GC(9) Pause Young (Normal) (G1 Evacuation Pause) 523M->500M(1280M) 27,794ms
[9,520s][debug][gc,heap] GC(10) Heap before GC invocations=10 (full 0):
[9,520s][debug][gc,heap] GC(10)  garbage-first heap   total 1310720K, used 570336K [0x00000000b0000000, 0x0000000100000000)
[9,520s][debug][gc,heap] GC(10)   region size 1024K, 64 young (65536K), 8 survivors (8192K)
[9,520s][debug][gc,heap] GC(10)  Metaspace       used 7956K, committed 8256K, reserved 1056768K
[9,520s][debug][gc,heap] GC(10)   class space    used 895K, committed 1024K, reserved 1048576K
[9,558s][info ][gc,heap] GC(10) Eden regions: 56->0(56)
[9,558s][info ][gc,heap] GC(10) Survivor regions: 8->8(8)
[9,558s][info ][gc,heap] GC(10) Old regions: 382->440
[9,558s][info ][gc,heap] GC(10) Archive regions: 2->2
[9,558s][info ][gc,heap] GC(10) Humongous regions: 110->110
[9,558s][debug][gc,heap] GC(10) Heap after GC invocations=11 (full 0):
[9,558s][debug][gc,heap] GC(10)  garbage-first heap   total 1310720K, used 572384K [0x00000000b0000000, 0x0000000100000000)
[9,558s][debug][gc,heap] GC(10)   region size 1024K, 8 young (8192K), 8 survivors (8192K)
[9,558s][debug][gc,heap] GC(10)  Metaspace       used 7956K, committed 8256K, reserved 1056768K
[9,558s][debug][gc,heap] GC(10)   class space    used 895K, committed 1024K, reserved 1048576K
[9,558s][info ][gc     ] GC(10) Pause Young (Normal) (G1 Evacuation Pause) 556M->558M(1280M) 38,428ms
[9,636s][debug][gc,heap] GC(11) Heap before GC invocations=11 (full 0):
[9,636s][debug][gc,heap] GC(11)  garbage-first heap   total 1310720K, used 629728K [0x00000000b0000000, 0x0000000100000000)
[9,636s][debug][gc,heap] GC(11)   region size 1024K, 64 young (65536K), 8 survivors (8192K)
[9,636s][debug][gc,heap] GC(11)  Metaspace       used 7956K, committed 8256K, reserved 1056768K
[9,636s][debug][gc,heap] GC(11)   class space    used 895K, committed 1024K, reserved 1048576K
[9,666s][info ][gc,heap] GC(11) Eden regions: 56->0(65)
[9,666s][info ][gc,heap] GC(11) Survivor regions: 8->8(8)
[9,666s][info ][gc,heap] GC(11) Old regions: 440->485
[9,666s][info ][gc,heap] GC(11) Archive regions: 2->2
[9,666s][info ][gc,heap] GC(11) Humongous regions: 110->110
[9,666s][debug][gc,heap] GC(11) Heap after GC invocations=12 (full 0):
[9,666s][debug][gc,heap] GC(11)  garbage-first heap   total 1310720K, used 618464K [0x00000000b0000000, 0x0000000100000000)
[9,666s][debug][gc,heap] GC(11)   region size 1024K, 8 young (8192K), 8 survivors (8192K)
[9,666s][debug][gc,heap] GC(11)  Metaspace       used 7956K, committed 8256K, reserved 1056768K
[9,666s][debug][gc,heap] GC(11)   class space    used 895K, committed 1024K, reserved 1048576K
[9,666s][info ][gc     ] GC(11) Pause Young (Normal) (G1 Evacuation Pause) 614M->603M(1280M) 29,642ms
[9,754s][debug][gc,heap] GC(12) Heap before GC invocations=12 (full 0):
[9,754s][debug][gc,heap] GC(12)  garbage-first heap   total 1310720K, used 685024K [0x00000000b0000000, 0x0000000100000000)
[9,754s][debug][gc,heap] GC(12)   region size 1024K, 73 young (74752K), 8 survivors (8192K)
[9,754s][debug][gc,heap] GC(12)  Metaspace       used 7956K, committed 8256K, reserved 1056768K
[9,754s][debug][gc,heap] GC(12)   class space    used 895K, committed 1024K, reserved 1048576K
[9,765s][info ][gc,heap] GC(12) Eden regions: 65->0(423)
[9,765s][info ][gc,heap] GC(12) Survivor regions: 8->10(10)
[9,765s][info ][gc,heap] GC(12) Old regions: 485->493
[9,765s][info ][gc,heap] GC(12) Archive regions: 2->2
[9,765s][info ][gc,heap] GC(12) Humongous regions: 110->110
[9,765s][debug][gc,heap] GC(12) Heap after GC invocations=13 (full 0):
[9,765s][debug][gc,heap] GC(12)  garbage-first heap   total 1310720K, used 628192K [0x00000000b0000000, 0x0000000100000000)
[9,765s][debug][gc,heap] GC(12)   region size 1024K, 10 young (10240K), 10 survivors (10240K)
[9,765s][debug][gc,heap] GC(12)  Metaspace       used 7956K, committed 8256K, reserved 1056768K
[9,765s][debug][gc,heap] GC(12)   class space    used 895K, committed 1024K, reserved 1048576K
[9,765s][info ][gc     ] GC(12) Pause Young (Concurrent Start) (G1 Evacuation Pause) 668M->613M(1280M) 11,110ms
[9,765s][info ][gc     ] GC(13) Concurrent Mark Cycle
[9,792s][info ][gc     ] GC(13) Pause Remark 632M->100M(1280M) 1,768ms
[9,808s][info ][gc     ] GC(13) Pause Cleanup 111M->111M(1280M) 0,203ms
[9,812s][info ][gc     ] GC(13) Concurrent Mark Cycle 47,431ms
[10,366s][debug][gc,heap] GC(14) Heap before GC invocations=14 (full 0):
[10,366s][debug][gc,heap] GC(14)  garbage-first heap   total 1310720K, used 456160K [0x00000000b0000000, 0x0000000100000000)
[10,366s][debug][gc,heap] GC(14)   region size 1024K, 374 young (382976K), 10 survivors (10240K)
[10,366s][debug][gc,heap] GC(14)  Metaspace       used 7958K, committed 8320K, reserved 1056768K
[10,366s][debug][gc,heap] GC(14)   class space    used 895K, committed 1088K, reserved 1048576K
[10,414s][info ][gc,heap] GC(14) Eden regions: 364->0(17)
[10,414s][info ][gc,heap] GC(14) Survivor regions: 10->47(47)
[10,414s][info ][gc,heap] GC(14) Old regions: 35->64
[10,414s][info ][gc,heap] GC(14) Archive regions: 2->2
[10,414s][info ][gc,heap] GC(14) Humongous regions: 36->36
[10,414s][debug][gc,heap] GC(14) Heap after GC invocations=15 (full 0):
[10,414s][debug][gc,heap] GC(14)  garbage-first heap   total 1310720K, used 151249K [0x00000000b0000000, 0x0000000100000000)
[10,414s][debug][gc,heap] GC(14)   region size 1024K, 47 young (48128K), 47 survivors (48128K)
[10,414s][debug][gc,heap] GC(14)  Metaspace       used 7958K, committed 8320K, reserved 1056768K
[10,414s][debug][gc,heap] GC(14)   class space    used 895K, committed 1088K, reserved 1048576K
[10,414s][info ][gc     ] GC(14) Pause Young (Prepare Mixed) (G1 Evacuation Pause) 445M->147M(1280M) 47,569ms
[10,442s][debug][gc,heap] GC(15) Heap before GC invocations=15 (full 0):
[10,442s][debug][gc,heap] GC(15)  garbage-first heap   total 1310720K, used 168657K [0x00000000b0000000, 0x0000000100000000)
[10,442s][debug][gc,heap] GC(15)   region size 1024K, 64 young (65536K), 47 survivors (48128K)
[10,442s][debug][gc,heap] GC(15)  Metaspace       used 7958K, committed 8320K, reserved 1056768K
[10,442s][debug][gc,heap] GC(15)   class space    used 895K, committed 1088K, reserved 1048576K
[10,476s][info ][gc,heap] GC(15) Eden regions: 17->0(73)
[10,476s][info ][gc,heap] GC(15) Survivor regions: 47->8(8)
[10,476s][info ][gc,heap] GC(15) Old regions: 64->120
[10,476s][info ][gc,heap] GC(15) Archive regions: 2->2
[10,476s][info ][gc,heap] GC(15) Humongous regions: 36->36
[10,476s][debug][gc,heap] GC(15) Heap after GC invocations=16 (full 0):
[10,476s][debug][gc,heap] GC(15)  garbage-first heap   total 1310720K, used 168416K [0x00000000b0000000, 0x0000000100000000)
[10,476s][debug][gc,heap] GC(15)   region size 1024K, 8 young (8192K), 8 survivors (8192K)
[10,476s][debug][gc,heap] GC(15)  Metaspace       used 7958K, committed 8320K, reserved 1056768K
[10,476s][debug][gc,heap] GC(15)   class space    used 895K, committed 1088K, reserved 1048576K
[10,476s][info ][gc     ] GC(15) Pause Young (Mixed) (G1 Evacuation Pause) 164M->164M(1280M) 33,554ms
[10,588s][debug][gc,heap] GC(16) Heap before GC invocations=16 (full 0):
[10,588s][debug][gc,heap] GC(16)  garbage-first heap   total 1310720K, used 243168K [0x00000000b0000000, 0x0000000100000000)
[10,588s][debug][gc,heap] GC(16)   region size 1024K, 81 young (82944K), 8 survivors (8192K)
[10,588s][debug][gc,heap] GC(16)  Metaspace       used 7958K, committed 8320K, reserved 1056768K
[10,588s][debug][gc,heap] GC(16)   class space    used 895K, committed 1088K, reserved 1048576K
[10,622s][info ][gc,heap] GC(16) Eden regions: 73->0(757)
[10,622s][info ][gc,heap] GC(16) Survivor regions: 8->11(11)
[10,622s][info ][gc,heap] GC(16) Old regions: 120->175
[10,622s][info ][gc,heap] GC(16) Archive regions: 2->2
[10,622s][info ][gc,heap] GC(16) Humongous regions: 36->36
[10,622s][debug][gc,heap] GC(16) Heap after GC invocations=17 (full 0):
[10,622s][debug][gc,heap] GC(16)  garbage-first heap   total 1310720K, used 227808K [0x00000000b0000000, 0x0000000100000000)
[10,622s][debug][gc,heap] GC(16)   region size 1024K, 11 young (11264K), 11 survivors (11264K)
[10,622s][debug][gc,heap] GC(16)  Metaspace       used 7958K, committed 8320K, reserved 1056768K
[10,622s][debug][gc,heap] GC(16)   class space    used 895K, committed 1088K, reserved 1048576K
[10,622s][info ][gc     ] GC(16) Pause Young (Normal) (G1 Evacuation Pause) 237M->222M(1280M) 33,271ms
