[0.021s][debug][gc,heap] Minimum heap 1610612736  Initial heap 1610612736  Maximum heap 1610612736
[0.021s][info ][gc     ] Using G1
[18,926s][debug][gc,heap] GC(0) Heap before GC invocations=0 (full 0):
[18,930s][debug][gc,heap] GC(0)  garbage-first heap   total 1572864K, used 130016K [0x00000000a0000000, 0x0000000100000000)
[18,930s][debug][gc,heap] GC(0)   region size 1024K, 76 young (77824K), 0 survivors (0K)
[18,930s][debug][gc,heap] GC(0)  Metaspace       used 7925K, committed 8192K, reserved 1056768K
[18,930s][debug][gc,heap] GC(0)   class space    used 893K, committed 1024K, reserved 1048576K
[19,015s][info ][gc,heap] GC(0) Eden regions: 76->0(66)
[19,015s][info ][gc,heap] GC(0) Survivor regions: 0->10(10)
[19,015s][info ][gc,heap] GC(0) Old regions: 0->45
[19,015s][info ][gc,heap] GC(0) Archive regions: 2->2
[19,015s][info ][gc,heap] GC(0) Humongous regions: 50->50
[19,015s][debug][gc,heap] GC(0) Heap after GC invocations=1 (full 0):
[19,015s][debug][gc,heap] GC(0)  garbage-first heap   total 1572864K, used 107552K [0x00000000a0000000, 0x0000000100000000)
[19,015s][debug][gc,heap] GC(0)   region size 1024K, 10 young (10240K), 10 survivors (10240K)
[19,015s][debug][gc,heap] GC(0)  Metaspace       used 7925K, committed 8192K, reserved 1056768K
[19,015s][debug][gc,heap] GC(0)   class space    used 893K, committed 1024K, reserved 1048576K
[19,015s][info ][gc     ] GC(0) Pause Young (Normal) (G1 Evacuation Pause) 126M->105M(1536M) 85,482ms
[19,172s][debug][gc,heap] GC(1) Heap before GC invocations=1 (full 0):
[19,172s][debug][gc,heap] GC(1)  garbage-first heap   total 1572864K, used 236576K [0x00000000a0000000, 0x0000000100000000)
[19,172s][debug][gc,heap] GC(1)   region size 1024K, 76 young (77824K), 10 survivors (10240K)
[19,172s][debug][gc,heap] GC(1)  Metaspace       used 7944K, committed 8192K, reserved 1056768K
[19,172s][debug][gc,heap] GC(1)   class space    used 893K, committed 1024K, reserved 1048576K
[19,223s][info ][gc,heap] GC(1) Eden regions: 66->0(66)
[19,223s][info ][gc,heap] GC(1) Survivor regions: 10->10(10)
[19,223s][info ][gc,heap] GC(1) Old regions: 45->104
[19,223s][info ][gc,heap] GC(1) Archive regions: 2->2
[19,223s][info ][gc,heap] GC(1) Humongous regions: 110->110
[19,223s][debug][gc,heap] GC(1) Heap after GC invocations=2 (full 0):
[19,223s][debug][gc,heap] GC(1)  garbage-first heap   total 1572864K, used 230368K [0x00000000a0000000, 0x0000000100000000)
[19,223s][debug][gc,heap] GC(1)   region size 1024K, 10 young (10240K), 10 survivors (10240K)
[19,223s][debug][gc,heap] GC(1)  Metaspace       used 7944K, committed 8192K, reserved 1056768K
[19,223s][debug][gc,heap] GC(1)   class space    used 893K, committed 1024K, reserved 1048576K
[19,223s][info ][gc     ] GC(1) Pause Young (Normal) (G1 Evacuation Pause) 231M->224M(1536M) 50,916ms
[19,317s][debug][gc,heap] GC(2) Heap before GC invocations=2 (full 0):
[19,317s][debug][gc,heap] GC(2)  garbage-first heap   total 1572864K, used 297952K [0x00000000a0000000, 0x0000000100000000)
[19,317s][debug][gc,heap] GC(2)   region size 1024K, 76 young (77824K), 10 survivors (10240K)
[19,317s][debug][gc,heap] GC(2)  Metaspace       used 7944K, committed 8192K, reserved 1056768K
[19,317s][debug][gc,heap] GC(2)   class space    used 893K, committed 1024K, reserved 1048576K
[19,361s][info ][gc,heap] GC(2) Eden regions: 66->0(66)
[19,361s][info ][gc,heap] GC(2) Survivor regions: 10->10(10)
[19,361s][info ][gc,heap] GC(2) Old regions: 104->172
[19,361s][info ][gc,heap] GC(2) Archive regions: 2->2
[19,361s][info ][gc,heap] GC(2) Humongous regions: 110->110
[19,361s][debug][gc,heap] GC(2) Heap after GC invocations=3 (full 0):
[19,361s][debug][gc,heap] GC(2)  garbage-first heap   total 1572864K, used 300000K [0x00000000a0000000, 0x0000000100000000)
[19,361s][debug][gc,heap] GC(2)   region size 1024K, 10 young (10240K), 10 survivors (10240K)
[19,361s][debug][gc,heap] GC(2)  Metaspace       used 7944K, committed 8192K, reserved 1056768K
[19,361s][debug][gc,heap] GC(2)   class space    used 893K, committed 1024K, reserved 1048576K
[19,361s][info ][gc     ] GC(2) Pause Young (Normal) (G1 Evacuation Pause) 290M->292M(1536M) 44,107ms
[19,459s][debug][gc,heap] GC(3) Heap before GC invocations=3 (full 0):
[19,459s][debug][gc,heap] GC(3)  garbage-first heap   total 1572864K, used 367584K [0x00000000a0000000, 0x0000000100000000)
[19,459s][debug][gc,heap] GC(3)   region size 1024K, 76 young (77824K), 10 survivors (10240K)
[19,459s][debug][gc,heap] GC(3)  Metaspace       used 7944K, committed 8192K, reserved 1056768K
[19,459s][debug][gc,heap] GC(3)   class space    used 893K, committed 1024K, reserved 1048576K
[19,486s][info ][gc,heap] GC(3) Eden regions: 66->0(66)
[19,486s][info ][gc,heap] GC(3) Survivor regions: 10->10(10)
[19,486s][info ][gc,heap] GC(3) Old regions: 172->210
[19,486s][info ][gc,heap] GC(3) Archive regions: 2->2
[19,486s][info ][gc,heap] GC(3) Humongous regions: 110->110
[19,486s][debug][gc,heap] GC(3) Heap after GC invocations=4 (full 0):
[19,486s][debug][gc,heap] GC(3)  garbage-first heap   total 1572864K, used 338912K [0x00000000a0000000, 0x0000000100000000)
[19,486s][debug][gc,heap] GC(3)   region size 1024K, 10 young (10240K), 10 survivors (10240K)
[19,486s][debug][gc,heap] GC(3)  Metaspace       used 7944K, committed 8192K, reserved 1056768K
[19,486s][debug][gc,heap] GC(3)   class space    used 893K, committed 1024K, reserved 1048576K
[19,486s][info ][gc     ] GC(3) Pause Young (Normal) (G1 Evacuation Pause) 358M->330M(1536M) 27,344ms
[19,579s][debug][gc,heap] GC(4) Heap before GC invocations=4 (full 0):
[19,579s][debug][gc,heap] GC(4)  garbage-first heap   total 1572864K, used 406496K [0x00000000a0000000, 0x0000000100000000)
[19,579s][debug][gc,heap] GC(4)   region size 1024K, 76 young (77824K), 10 survivors (10240K)
[19,579s][debug][gc,heap] GC(4)  Metaspace       used 7944K, committed 8192K, reserved 1056768K
[19,579s][debug][gc,heap] GC(4)   class space    used 893K, committed 1024K, reserved 1048576K
[19,588s][info ][gc,heap] GC(4) Eden regions: 66->0(66)
[19,588s][info ][gc,heap] GC(4) Survivor regions: 10->10(10)
[19,588s][info ][gc,heap] GC(4) Old regions: 210->214
[19,588s][info ][gc,heap] GC(4) Archive regions: 2->2
[19,588s][info ][gc,heap] GC(4) Humongous regions: 110->110
[19,588s][debug][gc,heap] GC(4) Heap after GC invocations=5 (full 0):
[19,588s][debug][gc,heap] GC(4)  garbage-first heap   total 1572864K, used 343008K [0x00000000a0000000, 0x0000000100000000)
[19,588s][debug][gc,heap] GC(4)   region size 1024K, 10 young (10240K), 10 survivors (10240K)
[19,588s][debug][gc,heap] GC(4)  Metaspace       used 7944K, committed 8192K, reserved 1056768K
[19,588s][debug][gc,heap] GC(4)   class space    used 893K, committed 1024K, reserved 1048576K
[19,588s][info ][gc     ] GC(4) Pause Young (Normal) (G1 Evacuation Pause) 396M->334M(1536M) 8,618ms
[19,677s][debug][gc,heap] GC(5) Heap before GC invocations=5 (full 0):
[19,677s][debug][gc,heap] GC(5)  garbage-first heap   total 1572864K, used 410592K [0x00000000a0000000, 0x0000000100000000)
[19,677s][debug][gc,heap] GC(5)   region size 1024K, 76 young (77824K), 10 survivors (10240K)
[19,677s][debug][gc,heap] GC(5)  Metaspace       used 7944K, committed 8192K, reserved 1056768K
[19,677s][debug][gc,heap] GC(5)   class space    used 893K, committed 1024K, reserved 1048576K
[19,720s][info ][gc,heap] GC(5) Eden regions: 66->0(66)
[19,720s][info ][gc,heap] GC(5) Survivor regions: 10->10(10)
[19,720s][info ][gc,heap] GC(5) Old regions: 214->281
[19,720s][info ][gc,heap] GC(5) Archive regions: 2->2
[19,720s][info ][gc,heap] GC(5) Humongous regions: 110->110
[19,720s][debug][gc,heap] GC(5) Heap after GC invocations=6 (full 0):
[19,720s][debug][gc,heap] GC(5)  garbage-first heap   total 1572864K, used 411462K [0x00000000a0000000, 0x0000000100000000)
[19,720s][debug][gc,heap] GC(5)   region size 1024K, 10 young (10240K), 10 survivors (10240K)
[19,720s][debug][gc,heap] GC(5)  Metaspace       used 7944K, committed 8192K, reserved 1056768K
[19,720s][debug][gc,heap] GC(5)   class space    used 893K, committed 1024K, reserved 1048576K
[19,720s][info ][gc     ] GC(5) Pause Young (Normal) (G1 Evacuation Pause) 400M->401M(1536M) 42,948ms
[19,812s][debug][gc,heap] GC(6) Heap before GC invocations=6 (full 0):
[19,812s][debug][gc,heap] GC(6)  garbage-first heap   total 1572864K, used 479046K [0x00000000a0000000, 0x0000000100000000)
[19,812s][debug][gc,heap] GC(6)   region size 1024K, 76 young (77824K), 10 survivors (10240K)
[19,812s][debug][gc,heap] GC(6)  Metaspace       used 7944K, committed 8192K, reserved 1056768K
[19,812s][debug][gc,heap] GC(6)   class space    used 893K, committed 1024K, reserved 1048576K
[19,837s][info ][gc,heap] GC(6) Eden regions: 66->0(66)
[19,837s][info ][gc,heap] GC(6) Survivor regions: 10->10(10)
[19,837s][info ][gc,heap] GC(6) Old regions: 281->315
[19,837s][info ][gc,heap] GC(6) Archive regions: 2->2
[19,837s][info ][gc,heap] GC(6) Humongous regions: 110->110
[19,837s][debug][gc,heap] GC(6) Heap after GC invocations=7 (full 0):
[19,837s][debug][gc,heap] GC(6)  garbage-first heap   total 1572864K, used 446432K [0x00000000a0000000, 0x0000000100000000)
[19,837s][debug][gc,heap] GC(6)   region size 1024K, 10 young (10240K), 10 survivors (10240K)
[19,837s][debug][gc,heap] GC(6)  Metaspace       used 7944K, committed 8192K, reserved 1056768K
[19,837s][debug][gc,heap] GC(6)   class space    used 893K, committed 1024K, reserved 1048576K
[19,837s][info ][gc     ] GC(6) Pause Young (Normal) (G1 Evacuation Pause) 467M->435M(1536M) 24,932ms
[19,931s][debug][gc,heap] GC(7) Heap before GC invocations=7 (full 0):
[19,931s][debug][gc,heap] GC(7)  garbage-first heap   total 1572864K, used 514016K [0x00000000a0000000, 0x0000000100000000)
[19,931s][debug][gc,heap] GC(7)   region size 1024K, 76 young (77824K), 10 survivors (10240K)
[19,931s][debug][gc,heap] GC(7)  Metaspace       used 7944K, committed 8192K, reserved 1056768K
[19,931s][debug][gc,heap] GC(7)   class space    used 893K, committed 1024K, reserved 1048576K
[19,938s][info ][gc,heap] GC(7) Eden regions: 66->0(67)
[19,938s][info ][gc,heap] GC(7) Survivor regions: 10->9(10)
[19,938s][info ][gc,heap] GC(7) Old regions: 315->315
[19,938s][info ][gc,heap] GC(7) Archive regions: 2->2
[19,938s][info ][gc,heap] GC(7) Humongous regions: 110->110
[19,938s][debug][gc,heap] GC(7) Heap after GC invocations=8 (full 0):
[19,938s][debug][gc,heap] GC(7)  garbage-first heap   total 1572864K, used 444639K [0x00000000a0000000, 0x0000000100000000)
[19,938s][debug][gc,heap] GC(7)   region size 1024K, 9 young (9216K), 9 survivors (9216K)
[19,938s][debug][gc,heap] GC(7)  Metaspace       used 7944K, committed 8192K, reserved 1056768K
[19,938s][debug][gc,heap] GC(7)   class space    used 893K, committed 1024K, reserved 1048576K
[19,938s][info ][gc     ] GC(7) Pause Young (Normal) (G1 Evacuation Pause) 501M->434M(1536M) 6,740ms
[20,029s][debug][gc,heap] GC(8) Heap before GC invocations=8 (full 0):
[20,029s][debug][gc,heap] GC(8)  garbage-first heap   total 1572864K, used 513247K [0x00000000a0000000, 0x0000000100000000)
[20,029s][debug][gc,heap] GC(8)   region size 1024K, 76 young (77824K), 9 survivors (9216K)
[20,029s][debug][gc,heap] GC(8)  Metaspace       used 7944K, committed 8192K, reserved 1056768K
[20,029s][debug][gc,heap] GC(8)   class space    used 893K, committed 1024K, reserved 1048576K
[20,072s][info ][gc,heap] GC(8) Eden regions: 67->0(66)
[20,072s][info ][gc,heap] GC(8) Survivor regions: 9->10(10)
[20,072s][info ][gc,heap] GC(8) Old regions: 315->380
[20,072s][info ][gc,heap] GC(8) Archive regions: 2->2
[20,072s][info ][gc,heap] GC(8) Humongous regions: 110->110
[20,072s][debug][gc,heap] GC(8) Heap after GC invocations=9 (full 0):
[20,072s][debug][gc,heap] GC(8)  garbage-first heap   total 1572864K, used 512678K [0x00000000a0000000, 0x0000000100000000)
[20,072s][debug][gc,heap] GC(8)   region size 1024K, 10 young (10240K), 10 survivors (10240K)
[20,072s][debug][gc,heap] GC(8)  Metaspace       used 7944K, committed 8192K, reserved 1056768K
[20,072s][debug][gc,heap] GC(8)   class space    used 893K, committed 1024K, reserved 1048576K
[20,072s][info ][gc     ] GC(8) Pause Young (Normal) (G1 Evacuation Pause) 501M->500M(1536M) 43,404ms
[20,165s][debug][gc,heap] GC(9) Heap before GC invocations=9 (full 0):
[20,165s][debug][gc,heap] GC(9)  garbage-first heap   total 1572864K, used 580262K [0x00000000a0000000, 0x0000000100000000)
[20,165s][debug][gc,heap] GC(9)   region size 1024K, 76 young (77824K), 10 survivors (10240K)
[20,165s][debug][gc,heap] GC(9)  Metaspace       used 7960K, committed 8256K, reserved 1056768K
[20,165s][debug][gc,heap] GC(9)   class space    used 895K, committed 1024K, reserved 1048576K
[20,189s][info ][gc,heap] GC(9) Eden regions: 66->0(66)
[20,189s][info ][gc,heap] GC(9) Survivor regions: 10->10(10)
[20,189s][info ][gc,heap] GC(9) Old regions: 380->411
[20,189s][info ][gc,heap] GC(9) Archive regions: 2->2
[20,189s][info ][gc,heap] GC(9) Humongous regions: 110->110
[20,189s][debug][gc,heap] GC(9) Heap after GC invocations=10 (full 0):
[20,189s][debug][gc,heap] GC(9)  garbage-first heap   total 1572864K, used 544224K [0x00000000a0000000, 0x0000000100000000)
[20,189s][debug][gc,heap] GC(9)   region size 1024K, 10 young (10240K), 10 survivors (10240K)
[20,189s][debug][gc,heap] GC(9)  Metaspace       used 7960K, committed 8256K, reserved 1056768K
[20,189s][debug][gc,heap] GC(9)   class space    used 895K, committed 1024K, reserved 1048576K
[20,189s][info ][gc     ] GC(9) Pause Young (Normal) (G1 Evacuation Pause) 566M->531M(1536M) 23,470ms
[20,282s][debug][gc,heap] GC(10) Heap before GC invocations=10 (full 0):
[20,282s][debug][gc,heap] GC(10)  garbage-first heap   total 1572864K, used 611808K [0x00000000a0000000, 0x0000000100000000)
[20,282s][debug][gc,heap] GC(10)   region size 1024K, 76 young (77824K), 10 survivors (10240K)
[20,282s][debug][gc,heap] GC(10)  Metaspace       used 7960K, committed 8256K, reserved 1056768K
[20,282s][debug][gc,heap] GC(10)   class space    used 895K, committed 1024K, reserved 1048576K
[20,287s][info ][gc,heap] GC(10) Eden regions: 66->0(71)
[20,287s][info ][gc,heap] GC(10) Survivor regions: 10->5(10)
[20,287s][info ][gc,heap] GC(10) Old regions: 411->411
[20,287s][info ][gc,heap] GC(10) Archive regions: 2->2
[20,287s][info ][gc,heap] GC(10) Humongous regions: 110->110
[20,287s][debug][gc,heap] GC(10) Heap after GC invocations=11 (full 0):
[20,287s][debug][gc,heap] GC(10)  garbage-first heap   total 1572864K, used 539601K [0x00000000a0000000, 0x0000000100000000)
[20,287s][debug][gc,heap] GC(10)   region size 1024K, 5 young (5120K), 5 survivors (5120K)
[20,287s][debug][gc,heap] GC(10)  Metaspace       used 7960K, committed 8256K, reserved 1056768K
[20,287s][debug][gc,heap] GC(10)   class space    used 895K, committed 1024K, reserved 1048576K
[20,287s][info ][gc     ] GC(10) Pause Young (Normal) (G1 Evacuation Pause) 597M->526M(1536M) 4,620ms
[20,383s][debug][gc,heap] GC(11) Heap before GC invocations=11 (full 0):
[20,383s][debug][gc,heap] GC(11)  garbage-first heap   total 1572864K, used 612305K [0x00000000a0000000, 0x0000000100000000)
[20,383s][debug][gc,heap] GC(11)   region size 1024K, 76 young (77824K), 5 survivors (5120K)
[20,383s][debug][gc,heap] GC(11)  Metaspace       used 7960K, committed 8256K, reserved 1056768K
[20,383s][debug][gc,heap] GC(11)   class space    used 895K, committed 1024K, reserved 1048576K
[20,425s][info ][gc,heap] GC(11) Eden regions: 71->0(66)
[20,425s][info ][gc,heap] GC(11) Survivor regions: 5->10(10)
[20,425s][info ][gc,heap] GC(11) Old regions: 411->477
[20,425s][info ][gc,heap] GC(11) Archive regions: 2->2
[20,425s][info ][gc,heap] GC(11) Humongous regions: 110->110
[20,425s][debug][gc,heap] GC(11) Heap after GC invocations=12 (full 0):
[20,425s][debug][gc,heap] GC(11)  garbage-first heap   total 1572864K, used 612169K [0x00000000a0000000, 0x0000000100000000)
[20,425s][debug][gc,heap] GC(11)   region size 1024K, 10 young (10240K), 10 survivors (10240K)
[20,425s][debug][gc,heap] GC(11)  Metaspace       used 7960K, committed 8256K, reserved 1056768K
[20,425s][debug][gc,heap] GC(11)   class space    used 895K, committed 1024K, reserved 1048576K
[20,425s][info ][gc     ] GC(11) Pause Young (Normal) (G1 Evacuation Pause) 597M->597M(1536M) 42,074ms
[20,517s][debug][gc,heap] GC(12) Heap before GC invocations=12 (full 0):
[20,517s][debug][gc,heap] GC(12)  garbage-first heap   total 1572864K, used 679753K [0x00000000a0000000, 0x0000000100000000)
[20,517s][debug][gc,heap] GC(12)   region size 1024K, 76 young (77824K), 10 survivors (10240K)
[20,517s][debug][gc,heap] GC(12)  Metaspace       used 7960K, committed 8256K, reserved 1056768K
[20,517s][debug][gc,heap] GC(12)   class space    used 895K, committed 1024K, reserved 1048576K
[20,540s][info ][gc,heap] GC(12) Eden regions: 66->0(91)
[20,541s][info ][gc,heap] GC(12) Survivor regions: 10->10(10)
[20,541s][info ][gc,heap] GC(12) Old regions: 477->509
[20,541s][info ][gc,heap] GC(12) Archive regions: 2->2
[20,541s][info ][gc,heap] GC(12) Humongous regions: 110->110
[20,541s][debug][gc,heap] GC(12) Heap after GC invocations=13 (full 0):
[20,541s][debug][gc,heap] GC(12)  garbage-first heap   total 1572864K, used 645088K [0x00000000a0000000, 0x0000000100000000)
[20,541s][debug][gc,heap] GC(12)   region size 1024K, 10 young (10240K), 10 survivors (10240K)
[20,541s][debug][gc,heap] GC(12)  Metaspace       used 7960K, committed 8256K, reserved 1056768K
[20,541s][debug][gc,heap] GC(12)   class space    used 895K, committed 1024K, reserved 1048576K
[20,541s][info ][gc     ] GC(12) Pause Young (Normal) (G1 Evacuation Pause) 663M->629M(1536M) 23,737ms
[20,670s][debug][gc,heap] GC(13) Heap before GC invocations=13 (full 0):
[20,670s][debug][gc,heap] GC(13)  garbage-first heap   total 1572864K, used 738272K [0x00000000a0000000, 0x0000000100000000)
[20,670s][debug][gc,heap] GC(13)   region size 1024K, 101 young (103424K), 10 survivors (10240K)
[20,670s][debug][gc,heap] GC(13)  Metaspace       used 7960K, committed 8256K, reserved 1056768K
[20,670s][debug][gc,heap] GC(13)   class space    used 895K, committed 1024K, reserved 1048576K
[20,689s][info ][gc,heap] GC(13) Eden regions: 91->0(609)
[20,689s][info ][gc,heap] GC(13) Survivor regions: 10->13(13)
[20,689s][info ][gc,heap] GC(13) Old regions: 509->529
[20,689s][info ][gc,heap] GC(13) Archive regions: 2->2
[20,689s][info ][gc,heap] GC(13) Humongous regions: 110->110
[20,689s][debug][gc,heap] GC(13) Heap after GC invocations=14 (full 0):
[20,689s][debug][gc,heap] GC(13)  garbage-first heap   total 1572864K, used 668640K [0x00000000a0000000, 0x0000000100000000)
[20,689s][debug][gc,heap] GC(13)   region size 1024K, 13 young (13312K), 13 survivors (13312K)
[20,689s][debug][gc,heap] GC(13)  Metaspace       used 7960K, committed 8256K, reserved 1056768K
[20,689s][debug][gc,heap] GC(13)   class space    used 895K, committed 1024K, reserved 1048576K
[20,689s][info ][gc     ] GC(13) Pause Young (Normal) (G1 Evacuation Pause) 720M->652M(1536M) 19,320ms
[21,291s][debug][gc,heap] GC(14) Heap before GC invocations=14 (full 0):
[21,291s][debug][gc,heap] GC(14)  garbage-first heap   total 1572864K, used 1042400K [0x00000000a0000000, 0x0000000100000000)
[21,291s][debug][gc,heap] GC(14)   region size 1024K, 378 young (387072K), 13 survivors (13312K)
[21,291s][debug][gc,heap] GC(14)  Metaspace       used 7973K, committed 8320K, reserved 1056768K
[21,291s][debug][gc,heap] GC(14)   class space    used 895K, committed 1088K, reserved 1048576K
[21,345s][info ][gc,heap] GC(14) Eden regions: 365->0(120)
[21,345s][info ][gc,heap] GC(14) Survivor regions: 13->48(48)
[21,345s][info ][gc,heap] GC(14) Old regions: 529->574
[21,345s][info ][gc,heap] GC(14) Archive regions: 2->2
[21,345s][info ][gc,heap] GC(14) Humongous regions: 110->110
[21,345s][debug][gc,heap] GC(14) Heap after GC invocations=15 (full 0):
[21,345s][debug][gc,heap] GC(14)  garbage-first heap   total 1572864K, used 750048K [0x00000000a0000000, 0x0000000100000000)
[21,345s][debug][gc,heap] GC(14)   region size 1024K, 48 young (49152K), 48 survivors (49152K)
[21,345s][debug][gc,heap] GC(14)  Metaspace       used 7973K, committed 8320K, reserved 1056768K
[21,345s][debug][gc,heap] GC(14)   class space    used 895K, committed 1088K, reserved 1048576K
[21,346s][info ][gc     ] GC(14) Pause Young (Normal) (G1 Evacuation Pause) 1017M->732M(1536M) 54,726ms
[21,514s][debug][gc,heap] GC(15) Heap before GC invocations=15 (full 0):
[21,514s][debug][gc,heap] GC(15)  garbage-first heap   total 1572864K, used 872928K [0x00000000a0000000, 0x0000000100000000)
[21,514s][debug][gc,heap] GC(15)   region size 1024K, 168 young (172032K), 48 survivors (49152K)
[21,514s][debug][gc,heap] GC(15)  Metaspace       used 7973K, committed 8320K, reserved 1056768K
[21,514s][debug][gc,heap] GC(15)   class space    used 895K, committed 1088K, reserved 1048576K
[21,522s][info ][gc,heap] GC(15) Eden regions: 120->0(550)
[21,522s][info ][gc,heap] GC(15) Survivor regions: 48->12(21)
[21,522s][info ][gc,heap] GC(15) Old regions: 574->574
[21,522s][info ][gc,heap] GC(15) Archive regions: 2->2
[21,522s][info ][gc,heap] GC(15) Humongous regions: 110->110
[21,522s][debug][gc,heap] GC(15) Heap after GC invocations=16 (full 0):
[21,522s][debug][gc,heap] GC(15)  garbage-first heap   total 1572864K, used 713696K [0x00000000a0000000, 0x0000000100000000)
[21,522s][debug][gc,heap] GC(15)   region size 1024K, 12 young (12288K), 12 survivors (12288K)
[21,522s][debug][gc,heap] GC(15)  Metaspace       used 7973K, committed 8320K, reserved 1056768K
[21,522s][debug][gc,heap] GC(15)   class space    used 895K, committed 1088K, reserved 1048576K
[21,522s][info ][gc     ] GC(15) Pause Young (Normal) (G1 Evacuation Pause) 852M->696M(1536M) 7,776ms
