[0.021s][debug][gc,heap] Minimum heap 1883242496  Initial heap 1883242496  Maximum heap 1883242496
[0.021s][info ][gc     ] Using G1
[16,814s][debug][gc,heap] GC(0) Heap before GC invocations=0 (full 0):
[16,814s][debug][gc,heap] GC(0)  garbage-first heap   total 1839104K, used 167904K [0x000000008fc00000, 0x0000000100000000)
[16,814s][debug][gc,heap] GC(0)   region size 1024K, 89 young (91136K), 0 survivors (0K)
[16,814s][debug][gc,heap] GC(0)  Metaspace       used 8014K, committed 8384K, reserved 1056768K
[16,814s][debug][gc,heap] GC(0)   class space    used 897K, committed 1088K, reserved 1048576K
[16,926s][info ][gc,heap] GC(0) Eden regions: 89->0(77)
[16,927s][info ][gc,heap] GC(0) Survivor regions: 0->12(12)
[16,927s][info ][gc,heap] GC(0) Old regions: 0->55
[16,927s][info ][gc,heap] GC(0) Archive regions: 2->2
[16,927s][info ][gc,heap] GC(0) Humongous regions: 74->74
[16,927s][debug][gc,heap] GC(0) Heap after GC invocations=1 (full 0):
[16,927s][debug][gc,heap] GC(0)  garbage-first heap   total 1839104K, used 144428K [0x000000008fc00000, 0x0000000100000000)
[16,927s][debug][gc,heap] GC(0)   region size 1024K, 12 young (12288K), 12 survivors (12288K)
[16,927s][debug][gc,heap] GC(0)  Metaspace       used 8014K, committed 8384K, reserved 1056768K
[16,927s][debug][gc,heap] GC(0)   class space    used 897K, committed 1088K, reserved 1048576K
[16,927s][info ][gc     ] GC(0) Pause Young (Normal) (G1 Evacuation Pause) 163M->141M(1796M) 112,663ms
[17,084s][debug][gc,heap] GC(1) Heap before GC invocations=1 (full 0):
[17,084s][debug][gc,heap] GC(1)  garbage-first heap   total 1839104K, used 260140K [0x000000008fc00000, 0x0000000100000000)
[17,084s][debug][gc,heap] GC(1)   region size 1024K, 89 young (91136K), 12 survivors (12288K)
[17,084s][debug][gc,heap] GC(1)  Metaspace       used 8014K, committed 8384K, reserved 1056768K
[17,084s][debug][gc,heap] GC(1)   class space    used 897K, committed 1088K, reserved 1048576K
[17,146s][info ][gc,heap] GC(1) Eden regions: 77->0(77)
[17,146s][info ][gc,heap] GC(1) Survivor regions: 12->12(12)
[17,146s][info ][gc,heap] GC(1) Old regions: 55->126
[17,146s][info ][gc,heap] GC(1) Archive regions: 2->2
[17,146s][info ][gc,heap] GC(1) Humongous regions: 110->110
[17,147s][debug][gc,heap] GC(1) Heap after GC invocations=2 (full 0):
[17,147s][debug][gc,heap] GC(1)  garbage-first heap   total 1839104K, used 254944K [0x000000008fc00000, 0x0000000100000000)
[17,147s][debug][gc,heap] GC(1)   region size 1024K, 12 young (12288K), 12 survivors (12288K)
[17,147s][debug][gc,heap] GC(1)  Metaspace       used 8014K, committed 8384K, reserved 1056768K
[17,147s][debug][gc,heap] GC(1)   class space    used 897K, committed 1088K, reserved 1048576K
[17,147s][info ][gc     ] GC(1) Pause Young (Normal) (G1 Evacuation Pause) 254M->248M(1796M) 62,674ms
[17,263s][debug][gc,heap] GC(2) Heap before GC invocations=2 (full 0):
[17,263s][debug][gc,heap] GC(2)  garbage-first heap   total 1839104K, used 333792K [0x000000008fc00000, 0x0000000100000000)
[17,263s][debug][gc,heap] GC(2)   region size 1024K, 89 young (91136K), 12 survivors (12288K)
[17,263s][debug][gc,heap] GC(2)  Metaspace       used 8014K, committed 8384K, reserved 1056768K
[17,263s][debug][gc,heap] GC(2)   class space    used 897K, committed 1088K, reserved 1048576K
[17,278s][info ][gc,heap] GC(2) Eden regions: 77->0(77)
[17,278s][info ][gc,heap] GC(2) Survivor regions: 12->12(12)
[17,278s][info ][gc,heap] GC(2) Old regions: 126->134
[17,278s][info ][gc,heap] GC(2) Archive regions: 2->2
[17,278s][info ][gc,heap] GC(2) Humongous regions: 110->110
[17,278s][debug][gc,heap] GC(2) Heap after GC invocations=3 (full 0):
[17,278s][debug][gc,heap] GC(2)  garbage-first heap   total 1839104K, used 263136K [0x000000008fc00000, 0x0000000100000000)
[17,278s][debug][gc,heap] GC(2)   region size 1024K, 12 young (12288K), 12 survivors (12288K)
[17,278s][debug][gc,heap] GC(2)  Metaspace       used 8014K, committed 8384K, reserved 1056768K
[17,278s][debug][gc,heap] GC(2)   class space    used 897K, committed 1088K, reserved 1048576K
[17,278s][info ][gc     ] GC(2) Pause Young (Normal) (G1 Evacuation Pause) 325M->256M(1796M) 14,727ms
[17,380s][debug][gc,heap] GC(3) Heap before GC invocations=3 (full 0):
[17,380s][debug][gc,heap] GC(3)  garbage-first heap   total 1839104K, used 341984K [0x000000008fc00000, 0x0000000100000000)
[17,380s][debug][gc,heap] GC(3)   region size 1024K, 89 young (91136K), 12 survivors (12288K)
[17,380s][debug][gc,heap] GC(3)  Metaspace       used 8014K, committed 8384K, reserved 1056768K
[17,380s][debug][gc,heap] GC(3)   class space    used 897K, committed 1088K, reserved 1048576K
[17,430s][info ][gc,heap] GC(3) Eden regions: 77->0(77)
[17,430s][info ][gc,heap] GC(3) Survivor regions: 12->12(12)
[17,430s][info ][gc,heap] GC(3) Old regions: 134->213
[17,430s][info ][gc,heap] GC(3) Archive regions: 2->2
[17,430s][info ][gc,heap] GC(3) Humongous regions: 110->110
[17,430s][debug][gc,heap] GC(3) Heap after GC invocations=4 (full 0):
[17,430s][debug][gc,heap] GC(3)  garbage-first heap   total 1839104K, used 344032K [0x000000008fc00000, 0x0000000100000000)
[17,430s][debug][gc,heap] GC(3)   region size 1024K, 12 young (12288K), 12 survivors (12288K)
[17,430s][debug][gc,heap] GC(3)  Metaspace       used 8014K, committed 8384K, reserved 1056768K
[17,430s][debug][gc,heap] GC(3)   class space    used 897K, committed 1088K, reserved 1048576K
[17,430s][info ][gc     ] GC(3) Pause Young (Normal) (G1 Evacuation Pause) 333M->335M(1796M) 49,839ms
[17,538s][debug][gc,heap] GC(4) Heap before GC invocations=4 (full 0):
[17,538s][debug][gc,heap] GC(4)  garbage-first heap   total 1839104K, used 422880K [0x000000008fc00000, 0x0000000100000000)
[17,538s][debug][gc,heap] GC(4)   region size 1024K, 89 young (91136K), 12 survivors (12288K)
[17,538s][debug][gc,heap] GC(4)  Metaspace       used 8014K, committed 8384K, reserved 1056768K
[17,538s][debug][gc,heap] GC(4)   class space    used 897K, committed 1088K, reserved 1048576K
[17,578s][info ][gc,heap] GC(4) Eden regions: 77->0(77)
[17,578s][info ][gc,heap] GC(4) Survivor regions: 12->12(12)
[17,578s][info ][gc,heap] GC(4) Old regions: 213->271
[17,578s][info ][gc,heap] GC(4) Archive regions: 2->2
[17,578s][info ][gc,heap] GC(4) Humongous regions: 110->110
[17,578s][debug][gc,heap] GC(4) Heap after GC invocations=5 (full 0):
[17,578s][debug][gc,heap] GC(4)  garbage-first heap   total 1839104K, used 403424K [0x000000008fc00000, 0x0000000100000000)
[17,578s][debug][gc,heap] GC(4)   region size 1024K, 12 young (12288K), 12 survivors (12288K)
[17,578s][debug][gc,heap] GC(4)  Metaspace       used 8014K, committed 8384K, reserved 1056768K
[17,578s][debug][gc,heap] GC(4)   class space    used 897K, committed 1088K, reserved 1048576K
[17,578s][info ][gc     ] GC(4) Pause Young (Normal) (G1 Evacuation Pause) 412M->393M(1796M) 39,588ms
[17,682s][debug][gc,heap] GC(5) Heap before GC invocations=5 (full 0):
[17,682s][debug][gc,heap] GC(5)  garbage-first heap   total 1839104K, used 482272K [0x000000008fc00000, 0x0000000100000000)
[17,682s][debug][gc,heap] GC(5)   region size 1024K, 89 young (91136K), 12 survivors (12288K)
[17,682s][debug][gc,heap] GC(5)  Metaspace       used 8014K, committed 8384K, reserved 1056768K
[17,682s][debug][gc,heap] GC(5)   class space    used 897K, committed 1088K, reserved 1048576K
[17,709s][info ][gc,heap] GC(5) Eden regions: 77->0(77)
[17,709s][info ][gc,heap] GC(5) Survivor regions: 12->12(12)
[17,709s][info ][gc,heap] GC(5) Old regions: 271->306
[17,709s][info ][gc,heap] GC(5) Archive regions: 2->2
[17,709s][info ][gc,heap] GC(5) Humongous regions: 110->110
[17,709s][debug][gc,heap] GC(5) Heap after GC invocations=6 (full 0):
[17,709s][debug][gc,heap] GC(5)  garbage-first heap   total 1839104K, used 438752K [0x000000008fc00000, 0x0000000100000000)
[17,709s][debug][gc,heap] GC(5)   region size 1024K, 12 young (12288K), 12 survivors (12288K)
[17,709s][debug][gc,heap] GC(5)  Metaspace       used 8014K, committed 8384K, reserved 1056768K
[17,709s][debug][gc,heap] GC(5)   class space    used 897K, committed 1088K, reserved 1048576K
[17,709s][info ][gc     ] GC(5) Pause Young (Normal) (G1 Evacuation Pause) 470M->428M(1796M) 27,114ms
[17,820s][debug][gc,heap] GC(6) Heap before GC invocations=6 (full 0):
[17,820s][debug][gc,heap] GC(6)  garbage-first heap   total 1839104K, used 517600K [0x000000008fc00000, 0x0000000100000000)
[17,820s][debug][gc,heap] GC(6)   region size 1024K, 89 young (91136K), 12 survivors (12288K)
[17,820s][debug][gc,heap] GC(6)  Metaspace       used 8022K, committed 8384K, reserved 1056768K
[17,820s][debug][gc,heap] GC(6)   class space    used 897K, committed 1088K, reserved 1048576K
[17,836s][info ][gc,heap] GC(6) Eden regions: 77->0(77)
[17,836s][info ][gc,heap] GC(6) Survivor regions: 12->12(12)
[17,836s][info ][gc,heap] GC(6) Old regions: 306->317
[17,836s][info ][gc,heap] GC(6) Archive regions: 2->2
[17,836s][info ][gc,heap] GC(6) Humongous regions: 110->110
[17,836s][debug][gc,heap] GC(6) Heap after GC invocations=7 (full 0):
[17,836s][debug][gc,heap] GC(6)  garbage-first heap   total 1839104K, used 450016K [0x000000008fc00000, 0x0000000100000000)
[17,836s][debug][gc,heap] GC(6)   region size 1024K, 12 young (12288K), 12 survivors (12288K)
[17,836s][debug][gc,heap] GC(6)  Metaspace       used 8022K, committed 8384K, reserved 1056768K
[17,836s][debug][gc,heap] GC(6)   class space    used 897K, committed 1088K, reserved 1048576K
[17,836s][info ][gc     ] GC(6) Pause Young (Normal) (G1 Evacuation Pause) 505M->439M(1796M) 15,514ms
[17,943s][debug][gc,heap] GC(7) Heap before GC invocations=7 (full 0):
[17,943s][debug][gc,heap] GC(7)  garbage-first heap   total 1839104K, used 528864K [0x000000008fc00000, 0x0000000100000000)
[17,943s][debug][gc,heap] GC(7)   region size 1024K, 89 young (91136K), 12 survivors (12288K)
[17,943s][debug][gc,heap] GC(7)  Metaspace       used 8029K, committed 8384K, reserved 1056768K
[17,943s][debug][gc,heap] GC(7)   class space    used 897K, committed 1088K, reserved 1048576K
[17,993s][info ][gc,heap] GC(7) Eden regions: 77->0(77)
[17,993s][info ][gc,heap] GC(7) Survivor regions: 12->12(12)
[17,993s][info ][gc,heap] GC(7) Old regions: 317->395
[17,993s][info ][gc,heap] GC(7) Archive regions: 2->2
[17,993s][info ][gc,heap] GC(7) Humongous regions: 110->110
[17,993s][debug][gc,heap] GC(7) Heap after GC invocations=8 (full 0):
[17,993s][debug][gc,heap] GC(7)  garbage-first heap   total 1839104K, used 530172K [0x000000008fc00000, 0x0000000100000000)
[17,993s][debug][gc,heap] GC(7)   region size 1024K, 12 young (12288K), 12 survivors (12288K)
[17,993s][debug][gc,heap] GC(7)  Metaspace       used 8029K, committed 8384K, reserved 1056768K
[17,993s][debug][gc,heap] GC(7)   class space    used 897K, committed 1088K, reserved 1048576K
[17,993s][info ][gc     ] GC(7) Pause Young (Normal) (G1 Evacuation Pause) 516M->517M(1796M) 50,596ms
[18,098s][debug][gc,heap] GC(8) Heap before GC invocations=8 (full 0):
[18,098s][debug][gc,heap] GC(8)  garbage-first heap   total 1839104K, used 609020K [0x000000008fc00000, 0x0000000100000000)
[18,098s][debug][gc,heap] GC(8)   region size 1024K, 89 young (91136K), 12 survivors (12288K)
[18,098s][debug][gc,heap] GC(8)  Metaspace       used 8029K, committed 8384K, reserved 1056768K
[18,098s][debug][gc,heap] GC(8)   class space    used 897K, committed 1088K, reserved 1048576K
[18,140s][info ][gc,heap] GC(8) Eden regions: 77->0(77)
[18,140s][info ][gc,heap] GC(8) Survivor regions: 12->12(12)
[18,140s][info ][gc,heap] GC(8) Old regions: 395->458
[18,140s][info ][gc,heap] GC(8) Archive regions: 2->2
[18,140s][info ][gc,heap] GC(8) Humongous regions: 110->110
[18,140s][debug][gc,heap] GC(8) Heap after GC invocations=9 (full 0):
[18,140s][debug][gc,heap] GC(8)  garbage-first heap   total 1839104K, used 594912K [0x000000008fc00000, 0x0000000100000000)
[18,140s][debug][gc,heap] GC(8)   region size 1024K, 12 young (12288K), 12 survivors (12288K)
[18,140s][debug][gc,heap] GC(8)  Metaspace       used 8029K, committed 8384K, reserved 1056768K
[18,140s][debug][gc,heap] GC(8)   class space    used 897K, committed 1088K, reserved 1048576K
[18,140s][info ][gc     ] GC(8) Pause Young (Normal) (G1 Evacuation Pause) 594M->580M(1796M) 41,646ms
[18,252s][debug][gc,heap] GC(9) Heap before GC invocations=9 (full 0):
[18,252s][debug][gc,heap] GC(9)  garbage-first heap   total 1839104K, used 673760K [0x000000008fc00000, 0x0000000100000000)
[18,252s][debug][gc,heap] GC(9)   region size 1024K, 89 young (91136K), 12 survivors (12288K)
[18,252s][debug][gc,heap] GC(9)  Metaspace       used 8029K, committed 8384K, reserved 1056768K
[18,253s][debug][gc,heap] GC(9)   class space    used 897K, committed 1088K, reserved 1048576K
[18,281s][info ][gc,heap] GC(9) Eden regions: 77->0(77)
[18,281s][info ][gc,heap] GC(9) Survivor regions: 12->12(12)
[18,281s][info ][gc,heap] GC(9) Old regions: 458->497
[18,281s][info ][gc,heap] GC(9) Archive regions: 2->2
[18,281s][info ][gc,heap] GC(9) Humongous regions: 110->110
[18,281s][debug][gc,heap] GC(9) Heap after GC invocations=10 (full 0):
[18,281s][debug][gc,heap] GC(9)  garbage-first heap   total 1839104K, used 634336K [0x000000008fc00000, 0x0000000100000000)
[18,281s][debug][gc,heap] GC(9)   region size 1024K, 12 young (12288K), 12 survivors (12288K)
[18,281s][debug][gc,heap] GC(9)  Metaspace       used 8029K, committed 8384K, reserved 1056768K
[18,281s][debug][gc,heap] GC(9)   class space    used 897K, committed 1088K, reserved 1048576K
[18,281s][info ][gc     ] GC(9) Pause Young (Normal) (G1 Evacuation Pause) 657M->619M(1796M) 28,786ms
[18,386s][debug][gc,heap] GC(10) Heap before GC invocations=10 (full 0):
[18,386s][debug][gc,heap] GC(10)  garbage-first heap   total 1839104K, used 713184K [0x000000008fc00000, 0x0000000100000000)
[18,386s][debug][gc,heap] GC(10)   region size 1024K, 89 young (91136K), 12 survivors (12288K)
[18,386s][debug][gc,heap] GC(10)  Metaspace       used 8029K, committed 8384K, reserved 1056768K
[18,386s][debug][gc,heap] GC(10)   class space    used 897K, committed 1088K, reserved 1048576K
[18,402s][info ][gc,heap] GC(10) Eden regions: 77->0(77)
[18,402s][info ][gc,heap] GC(10) Survivor regions: 12->12(12)
[18,402s][info ][gc,heap] GC(10) Old regions: 497->512
[18,402s][info ][gc,heap] GC(10) Archive regions: 2->2
[18,402s][info ][gc,heap] GC(10) Humongous regions: 110->110
[18,402s][debug][gc,heap] GC(10) Heap after GC invocations=11 (full 0):
[18,402s][debug][gc,heap] GC(10)  garbage-first heap   total 1839104K, used 650208K [0x000000008fc00000, 0x0000000100000000)
[18,402s][debug][gc,heap] GC(10)   region size 1024K, 12 young (12288K), 12 survivors (12288K)
[18,402s][debug][gc,heap] GC(10)  Metaspace       used 8029K, committed 8384K, reserved 1056768K
[18,402s][debug][gc,heap] GC(10)   class space    used 897K, committed 1088K, reserved 1048576K
[18,402s][info ][gc     ] GC(10) Pause Young (Normal) (G1 Evacuation Pause) 696M->634M(1796M) 16,227ms
[18,507s][debug][gc,heap] GC(11) Heap before GC invocations=11 (full 0):
[18,507s][debug][gc,heap] GC(11)  garbage-first heap   total 1839104K, used 729056K [0x000000008fc00000, 0x0000000100000000)
[18,507s][debug][gc,heap] GC(11)   region size 1024K, 89 young (91136K), 12 survivors (12288K)
[18,507s][debug][gc,heap] GC(11)  Metaspace       used 8029K, committed 8384K, reserved 1056768K
[18,507s][debug][gc,heap] GC(11)   class space    used 897K, committed 1088K, reserved 1048576K
[18,511s][info ][gc,heap] GC(11) Eden regions: 77->0(94)
[18,511s][info ][gc,heap] GC(11) Survivor regions: 12->3(12)
[18,511s][info ][gc,heap] GC(11) Old regions: 512->512
[18,511s][info ][gc,heap] GC(11) Archive regions: 2->2
[18,511s][info ][gc,heap] GC(11) Humongous regions: 110->110
[18,511s][debug][gc,heap] GC(11) Heap after GC invocations=12 (full 0):
[18,511s][debug][gc,heap] GC(11)  garbage-first heap   total 1839104K, used 640889K [0x000000008fc00000, 0x0000000100000000)
[18,511s][debug][gc,heap] GC(11)   region size 1024K, 3 young (3072K), 3 survivors (3072K)
[18,511s][debug][gc,heap] GC(11)  Metaspace       used 8029K, committed 8384K, reserved 1056768K
[18,511s][debug][gc,heap] GC(11)   class space    used 897K, committed 1088K, reserved 1048576K
[18,511s][info ][gc     ] GC(11) Pause Young (Normal) (G1 Evacuation Pause) 711M->625M(1796M) 3,468ms
[18,637s][debug][gc,heap] GC(12) Heap before GC invocations=12 (full 0):
[18,637s][debug][gc,heap] GC(12)  garbage-first heap   total 1839104K, used 737145K [0x000000008fc00000, 0x0000000100000000)
[18,637s][debug][gc,heap] GC(12)   region size 1024K, 97 young (99328K), 3 survivors (3072K)
[18,637s][debug][gc,heap] GC(12)  Metaspace       used 8029K, committed 8384K, reserved 1056768K
[18,637s][debug][gc,heap] GC(12)   class space    used 897K, committed 1088K, reserved 1048576K
[18,692s][info ][gc,heap] GC(12) Eden regions: 94->0(76)
[18,692s][info ][gc,heap] GC(12) Survivor regions: 3->13(13)
[18,692s][info ][gc,heap] GC(12) Old regions: 512->595
[18,692s][info ][gc,heap] GC(12) Archive regions: 2->2
[18,692s][info ][gc,heap] GC(12) Humongous regions: 110->110
[18,692s][debug][gc,heap] GC(12) Heap after GC invocations=13 (full 0):
[18,692s][debug][gc,heap] GC(12)  garbage-first heap   total 1839104K, used 735723K [0x000000008fc00000, 0x0000000100000000)
[18,692s][debug][gc,heap] GC(12)   region size 1024K, 13 young (13312K), 13 survivors (13312K)
[18,692s][debug][gc,heap] GC(12)  Metaspace       used 8029K, committed 8384K, reserved 1056768K
[18,692s][debug][gc,heap] GC(12)   class space    used 897K, committed 1088K, reserved 1048576K
[18,692s][info ][gc     ] GC(12) Pause Young (Normal) (G1 Evacuation Pause) 719M->718M(1796M) 54,699ms
[18,797s][debug][gc,heap] GC(13) Heap before GC invocations=13 (full 0):
[18,797s][debug][gc,heap] GC(13)  garbage-first heap   total 1839104K, used 813547K [0x000000008fc00000, 0x0000000100000000)
[18,797s][debug][gc,heap] GC(13)   region size 1024K, 89 young (91136K), 13 survivors (13312K)
[18,797s][debug][gc,heap] GC(13)  Metaspace       used 8032K, committed 8384K, reserved 1056768K
[18,797s][debug][gc,heap] GC(13)   class space    used 897K, committed 1088K, reserved 1048576K
[18,844s][info ][gc,heap] GC(13) Eden regions: 76->0(82)
[18,844s][info ][gc,heap] GC(13) Survivor regions: 13->12(12)
[18,844s][info ][gc,heap] GC(13) Old regions: 595->654
[18,844s][info ][gc,heap] GC(13) Archive regions: 2->2
[18,844s][info ][gc,heap] GC(13) Humongous regions: 110->110
[18,844s][debug][gc,heap] GC(13) Heap after GC invocations=14 (full 0):
[18,844s][debug][gc,heap] GC(13)  garbage-first heap   total 1839104K, used 795616K [0x000000008fc00000, 0x0000000100000000)
[18,844s][debug][gc,heap] GC(13)   region size 1024K, 12 young (12288K), 12 survivors (12288K)
[18,844s][debug][gc,heap] GC(13)  Metaspace       used 8032K, committed 8384K, reserved 1056768K
[18,844s][debug][gc,heap] GC(13)   class space    used 897K, committed 1088K, reserved 1048576K
[18,844s][info ][gc     ] GC(13) Pause Young (Normal) (G1 Evacuation Pause) 794M->776M(1796M) 46,569ms
[18,960s][debug][gc,heap] GC(14) Heap before GC invocations=14 (full 0):
[18,960s][debug][gc,heap] GC(14)  garbage-first heap   total 1839104K, used 879584K [0x000000008fc00000, 0x0000000100000000)
[18,960s][debug][gc,heap] GC(14)   region size 1024K, 94 young (96256K), 12 survivors (12288K)
[18,960s][debug][gc,heap] GC(14)  Metaspace       used 8036K, committed 8384K, reserved 1056768K
[18,960s][debug][gc,heap] GC(14)   class space    used 897K, committed 1088K, reserved 1048576K
[18,990s][info ][gc,heap] GC(14) Eden regions: 82->0(109)
[18,990s][info ][gc,heap] GC(14) Survivor regions: 12->12(12)
[18,990s][info ][gc,heap] GC(14) Old regions: 654->695
[18,990s][info ][gc,heap] GC(14) Archive regions: 2->2
[18,990s][info ][gc,heap] GC(14) Humongous regions: 110->110
[18,990s][debug][gc,heap] GC(14) Heap after GC invocations=15 (full 0):
[18,990s][debug][gc,heap] GC(14)  garbage-first heap   total 1839104K, used 837600K [0x000000008fc00000, 0x0000000100000000)
[18,990s][debug][gc,heap] GC(14)   region size 1024K, 12 young (12288K), 12 survivors (12288K)
[18,990s][debug][gc,heap] GC(14)  Metaspace       used 8036K, committed 8384K, reserved 1056768K
[18,990s][debug][gc,heap] GC(14)   class space    used 897K, committed 1088K, reserved 1048576K
[18,990s][info ][gc     ] GC(14) Pause Young (Normal) (G1 Evacuation Pause) 858M->817M(1796M) 30,090ms
[19,141s][debug][gc,heap] GC(15) Heap before GC invocations=15 (full 0):
[19,141s][debug][gc,heap] GC(15)  garbage-first heap   total 1839104K, used 949216K [0x000000008fc00000, 0x0000000100000000)
[19,141s][debug][gc,heap] GC(15)   region size 1024K, 121 young (123904K), 12 survivors (12288K)
[19,141s][debug][gc,heap] GC(15)  Metaspace       used 8036K, committed 8384K, reserved 1056768K
[19,141s][debug][gc,heap] GC(15)   class space    used 897K, committed 1088K, reserved 1048576K
[19,181s][info ][gc,heap] GC(15) Eden regions: 109->0(588)
[19,181s][info ][gc,heap] GC(15) Survivor regions: 12->16(16)
[19,181s][info ][gc,heap] GC(15) Old regions: 695->740
[19,181s][info ][gc,heap] GC(15) Archive regions: 2->2
[19,181s][info ][gc,heap] GC(15) Humongous regions: 110->110
[19,181s][debug][gc,heap] GC(15) Heap after GC invocations=16 (full 0):
[19,181s][debug][gc,heap] GC(15)  garbage-first heap   total 1839104K, used 887264K [0x000000008fc00000, 0x0000000100000000)
[19,181s][debug][gc,heap] GC(15)   region size 1024K, 16 young (16384K), 16 survivors (16384K)
[19,181s][debug][gc,heap] GC(15)  Metaspace       used 8036K, committed 8384K, reserved 1056768K
[19,181s][debug][gc,heap] GC(15)   class space    used 897K, committed 1088K, reserved 1048576K
[19,181s][info ][gc     ] GC(15) Pause Young (Normal) (G1 Evacuation Pause) 926M->866M(1796M) 40,339ms
